Archive member included to satisfy reference by file (symbol)

c:/vsarm/armcc/bin/../lib/gcc/arm-none-eabi/9.2.1/../../../../arm-none-eabi/lib/thumb/v7-m/nofp\libc_nano.a(lib_a-exit.o)
                              c:/vsarm/armcc/bin/../lib/gcc/arm-none-eabi/9.2.1/../../../../arm-none-eabi/lib/thumb/v7-m/nofp/crt0.o (exit)
c:/vsarm/armcc/bin/../lib/gcc/arm-none-eabi/9.2.1/../../../../arm-none-eabi/lib/thumb/v7-m/nofp\libc_nano.a(lib_a-impure.o)
                              c:/vsarm/armcc/bin/../lib/gcc/arm-none-eabi/9.2.1/../../../../arm-none-eabi/lib/thumb/v7-m/nofp\libc_nano.a(lib_a-exit.o) (_global_impure_ptr)
c:/vsarm/armcc/bin/../lib/gcc/arm-none-eabi/9.2.1/../../../../arm-none-eabi/lib/thumb/v7-m/nofp\libc_nano.a(lib_a-init.o)
                              c:/vsarm/armcc/bin/../lib/gcc/arm-none-eabi/9.2.1/../../../../arm-none-eabi/lib/thumb/v7-m/nofp/crt0.o (__libc_init_array)
c:/vsarm/armcc/bin/../lib/gcc/arm-none-eabi/9.2.1/../../../../arm-none-eabi/lib/thumb/v7-m/nofp\libc_nano.a(lib_a-memcpy-stub.o)
                              build/hw_i2c.o (memcpy)
c:/vsarm/armcc/bin/../lib/gcc/arm-none-eabi/9.2.1/../../../../arm-none-eabi/lib/thumb/v7-m/nofp\libc_nano.a(lib_a-memset.o)
                              c:/vsarm/armcc/bin/../lib/gcc/arm-none-eabi/9.2.1/../../../../arm-none-eabi/lib/thumb/v7-m/nofp/crt0.o (memset)
c:/vsarm/armcc/bin/../lib/gcc/arm-none-eabi/9.2.1/../../../../arm-none-eabi/lib/thumb/v7-m/nofp\libc_nano.a(lib_a-strlen.o)
                              build/hw_uart.o (strlen)
c:/vsarm/armcc/bin/../lib/gcc/arm-none-eabi/9.2.1/../../../../arm-none-eabi/lib/thumb/v7-m/nofp\libc_nano.a(lib_a-vsprintf.o)
                              build/hw_uart.o (vsprintf)
c:/vsarm/armcc/bin/../lib/gcc/arm-none-eabi/9.2.1/../../../../arm-none-eabi/lib/thumb/v7-m/nofp\libc_nano.a(lib_a-nano-svfprintf.o)
                              c:/vsarm/armcc/bin/../lib/gcc/arm-none-eabi/9.2.1/../../../../arm-none-eabi/lib/thumb/v7-m/nofp\libc_nano.a(lib_a-vsprintf.o) (_svfprintf_r)
c:/vsarm/armcc/bin/../lib/gcc/arm-none-eabi/9.2.1/../../../../arm-none-eabi/lib/thumb/v7-m/nofp\libc_nano.a(lib_a-nano-vfprintf_i.o)
                              c:/vsarm/armcc/bin/../lib/gcc/arm-none-eabi/9.2.1/../../../../arm-none-eabi/lib/thumb/v7-m/nofp\libc_nano.a(lib_a-nano-svfprintf.o) (_printf_i)
c:/vsarm/armcc/bin/../lib/gcc/arm-none-eabi/9.2.1/../../../../arm-none-eabi/lib/thumb/v7-m/nofp\libc_nano.a(lib_a-memchr-stub.o)
                              c:/vsarm/armcc/bin/../lib/gcc/arm-none-eabi/9.2.1/../../../../arm-none-eabi/lib/thumb/v7-m/nofp\libc_nano.a(lib_a-nano-svfprintf.o) (memchr)
c:/vsarm/armcc/bin/../lib/gcc/arm-none-eabi/9.2.1/../../../../arm-none-eabi/lib/thumb/v7-m/nofp\libc_nano.a(lib_a-memmove.o)
                              c:/vsarm/armcc/bin/../lib/gcc/arm-none-eabi/9.2.1/../../../../arm-none-eabi/lib/thumb/v7-m/nofp\libc_nano.a(lib_a-nano-svfprintf.o) (memmove)
c:/vsarm/armcc/bin/../lib/gcc/arm-none-eabi/9.2.1/../../../../arm-none-eabi/lib/thumb/v7-m/nofp\libc_nano.a(lib_a-nano-freer.o)
                              c:/vsarm/armcc/bin/../lib/gcc/arm-none-eabi/9.2.1/../../../../arm-none-eabi/lib/thumb/v7-m/nofp\libc_nano.a(lib_a-nano-svfprintf.o) (_free_r)
c:/vsarm/armcc/bin/../lib/gcc/arm-none-eabi/9.2.1/../../../../arm-none-eabi/lib/thumb/v7-m/nofp\libc_nano.a(lib_a-nano-mallocr.o)
                              c:/vsarm/armcc/bin/../lib/gcc/arm-none-eabi/9.2.1/../../../../arm-none-eabi/lib/thumb/v7-m/nofp\libc_nano.a(lib_a-nano-svfprintf.o) (_malloc_r)
c:/vsarm/armcc/bin/../lib/gcc/arm-none-eabi/9.2.1/../../../../arm-none-eabi/lib/thumb/v7-m/nofp\libc_nano.a(lib_a-nano-reallocr.o)
                              c:/vsarm/armcc/bin/../lib/gcc/arm-none-eabi/9.2.1/../../../../arm-none-eabi/lib/thumb/v7-m/nofp\libc_nano.a(lib_a-nano-svfprintf.o) (_realloc_r)
c:/vsarm/armcc/bin/../lib/gcc/arm-none-eabi/9.2.1/../../../../arm-none-eabi/lib/thumb/v7-m/nofp\libc_nano.a(lib_a-sbrkr.o)
                              c:/vsarm/armcc/bin/../lib/gcc/arm-none-eabi/9.2.1/../../../../arm-none-eabi/lib/thumb/v7-m/nofp\libc_nano.a(lib_a-nano-mallocr.o) (_sbrk_r)
c:/vsarm/armcc/bin/../lib/gcc/arm-none-eabi/9.2.1/../../../../arm-none-eabi/lib/thumb/v7-m/nofp\libc_nano.a(lib_a-mlock.o)
                              c:/vsarm/armcc/bin/../lib/gcc/arm-none-eabi/9.2.1/../../../../arm-none-eabi/lib/thumb/v7-m/nofp\libc_nano.a(lib_a-nano-freer.o) (__malloc_lock)
c:/vsarm/armcc/bin/../lib/gcc/arm-none-eabi/9.2.1/../../../../arm-none-eabi/lib/thumb/v7-m/nofp\libc_nano.a(lib_a-nano-msizer.o)
                              c:/vsarm/armcc/bin/../lib/gcc/arm-none-eabi/9.2.1/../../../../arm-none-eabi/lib/thumb/v7-m/nofp\libc_nano.a(lib_a-nano-reallocr.o) (_malloc_usable_size_r)
c:/vsarm/armcc/bin/../lib/gcc/arm-none-eabi/9.2.1/../../../../arm-none-eabi/lib/thumb/v7-m/nofp\libc_nano.a(lib_a-reent.o)
[...]
Memory Configuration

Name             Origin             Length             Attributes
RAM              0x20000000         0x00005000         xrw
FLASH            0x08000000         0x00010000         xr
*default*        0x00000000         0xffffffff

Linker script and memory map

LOAD c:/vsarm/armcc/bin/../lib/gcc/arm-none-eabi/9.2.1/thumb/v7-m/nofp/crti.o
LOAD c:/vsarm/armcc/bin/../lib/gcc/arm-none-eabi/9.2.1/thumb/v7-m/nofp/crtbegin.o
LOAD c:/vsarm/armcc/bin/../lib/gcc/arm-none-eabi/9.2.1/../../../../arm-none-eabi/lib/thumb/v7-m/nofp/crt0.o
LOAD build/main.o
LOAD build/bsp.o
LOAD build/hw_gpio.o
LOAD build/hw_i2c.o
LOAD build/hw_spi.o
LOAD build/hw_uart.o
LOAD build/hw_timer.o
LOAD build/mpu6050.o
LOAD build/mpu6050_platform.o
LOAD build/nrf24_hal.o
LOAD build/nrf24.o
LOAD build/stm32f1xx_hal_gpio_ex.o
LOAD build/stm32f1xx_hal_i2c.o
LOAD build/stm32f1xx_hal.o
LOAD build/stm32f1xx_hal_rcc.o
LOAD build/stm32f1xx_hal_rcc_ex.o
LOAD build/stm32f1xx_hal_gpio.o
LOAD build/stm32f1xx_hal_dma.o
LOAD build/stm32f1xx_hal_uart.o
LOAD build/stm32f1xx_hal_cortex.o
LOAD build/stm32f1xx_hal_pwr.o
LOAD build/stm32f1xx_hal_flash.o
LOAD build/stm32f1xx_hal_flash_ex.o
LOAD build/stm32f1xx_hal_exti.o
LOAD build/stm32f1xx_hal_spi.o
LOAD build/stm32f1xx_hal_tim.o
LOAD build/stm32f1xx_hal_tim_ex.o
LOAD build/stm32f1xx_hal_msp.o
LOAD build/stm32f1xx_hw_conf.o
LOAD build/stm32f1xx_it.o
LOAD build/system_stm32f1xx.o
LOAD build/startup_stm32f103xb.o
LOAD c:/vsarm/armcc/bin/../lib/gcc/arm-none-eabi/9.2.1/../../../../arm-none-eabi/lib/thumb/v7-m/nofp\libc_nano.a
LOAD c:/vsarm/armcc/bin/../lib/gcc/arm-none-eabi/9.2.1/../../../../arm-none-eabi/lib/thumb/v7-m/nofp\libm.a
LOAD c:/vsarm/armcc/bin/../lib/gcc/arm-none-eabi/9.2.1/../../../../arm-none-eabi/lib/thumb/v7-m/nofp\libnosys.a
START GROUP
LOAD c:/vsarm/armcc/bin/../lib/gcc/arm-none-eabi/9.2.1/thumb/v7-m/nofp\libgcc.a
LOAD c:/vsarm/armcc/bin/../lib/gcc/arm-none-eabi/9.2.1/../../../../arm-none-eabi/lib/thumb/v7-m/nofp\libc_nano.a
END GROUP
START GROUP
LOAD c:/vsarm/armcc/bin/../lib/gcc/arm-none-eabi/9.2.1/thumb/v7-m/nofp\libgcc.a
LOAD c:/vsarm/armcc/bin/../lib/gcc/arm-none-eabi/9.2.1/../../../../arm-none-eabi/lib/thumb/v7-m/nofp\libc_nano.a
END GROUP
LOAD c:/vsarm/armcc/bin/../lib/gcc/arm-none-eabi/9.2.1/thumb/v7-m/nofp/crtend.o
LOAD c:/vsarm/armcc/bin/../lib/gcc/arm-none-eabi/9.2.1/thumb/v7-m/nofp/crtn.o
                0x20005000                _estack = 0x20005000
                0x00000200                _Min_Heap_Size = 0x200
                0x00000400                _Min_Stack_Size = 0x400

.isr_vector     0x08000000      0x10c
                0x08000000                . = ALIGN (0x4)
 *(.isr_vector)
 .isr_vector    0x08000000      0x10c build/startup_stm32f103xb.o
                0x08000000                g_pfnVectors
                0x0800010c                . = ALIGN (0x4)

.text           0x0800010c     0x3640
                0x0800010c                . = ALIGN (0x4)
 *(.text)
 .text          0x0800010c       0x40 c:/vsarm/armcc/bin/../lib/gcc/arm-none-eabi/9.2.1/thumb/v7-m/nofp/crtbegin.o
 .text          0x0800014c       0x10 c:/vsarm/armcc/bin/../lib/gcc/arm-none-eabi/9.2.1/../../../../arm-none-eabi/lib/thumb/v7-m/nofp\libc_nano.a(lib_a-strlen.o)
                0x0800014c                strlen
 *(.text*)
 .text.main     0x0800015c      0x118 build/main.o
                0x0800015c                main
 .text.BSP_sensor_Init
                0x08000274        0x8 build/bsp.o
                0x08000274                BSP_sensor_Init
 .text.HW_GPIO_GetBitPos
                0x0800027c       0x40 build/hw_gpio.o
 .text.HW_GPIO_Init
                0x080002bc       0x94 build/hw_gpio.o
                0x080002bc                HW_GPIO_Init
 .text.HW_GPIO_SetIrq
                0x08000350       0x3c build/hw_gpio.o
                0x08000350                HW_GPIO_SetIrq
 .text.HW_GPIO_IrqHandler
                0x0800038c       0x18 build/hw_gpio.o
                0x0800038c                HW_GPIO_IrqHandler
 .text.HW_GPIO_Write
                0x080003a4        0xa build/hw_gpio.o
                0x080003a4                HW_GPIO_Write
 *fill*         0x080003ae        0x2 
 .text.HW_I2C_IoInit
                0x080003b0       0x50 build/hw_i2c.o
                0x080003b0                HW_I2C_IoInit
 .text.HW_I2C_Init
                0x08000400       0x40 build/hw_i2c.o
                0x08000400                HW_I2C_Init
 .text.HW_I2C_ReadBytes
                0x08000440       0x24 build/hw_i2c.o
                0x08000440                HW_I2C_ReadBytes
 .text.HW_I2C_ReadByte
                0x08000464        0xa build/hw_i2c.o
                0x08000464                HW_I2C_ReadByte
 .text.HW_I2C_ReadBits
                0x0800046e       0x34 build/hw_i2c.o
                0x0800046e                HW_I2C_ReadBits
 .text.HW_I2C_ReadBit
                0x080004a2       0x10 build/hw_i2c.o
                0x080004a2                HW_I2C_ReadBit
 *fill*         0x080004b2        0x2 
 .text.HW_I2C_WriteBytes
                0x080004b4       0x4c build/hw_i2c.o
                0x080004b4                HW_I2C_WriteBytes
 .text.HW_I2C_WriteByte
                0x08000500       0x18 build/hw_i2c.o
                0x08000500                HW_I2C_WriteByte
 .text.HW_I2C_WriteBit
                0x08000518       0x48 build/hw_i2c.o
                0x08000518                HW_I2C_WriteBit
 .text.HW_SPI_IoInit
                0x08000560       0x60 build/hw_spi.o
                0x08000560                HW_SPI_IoInit
 .text.HW_SPI_Init
                0x080005c0       0x64 build/hw_spi.o
                0x080005c0                HW_SPI_Init
 .text.HW_SPI_InOut
                0x08000624       0x2c build/hw_spi.o
                0x08000624                HW_SPI_InOut
 .text.vprint   0x08000650       0x34 build/hw_uart.o
                0x08000650                vprint
 .text.HW_UART_PRINTF
                0x08000684       0x1c build/hw_uart.o
                0x08000684                HW_UART_PRINTF
 .text.HW_TIMER_IoInit
                0x080006a0       0x40 build/hw_timer.o
                0x080006a0                HW_TIMER_IoInit
 .text.HW_TIMER_Init
                0x080006e0       0xf4 build/hw_timer.o
                0x080006e0                HW_TIMER_Init
 .text.HW_TIMER_PWM_ChangeDuty
                0x080007d4        0xc build/hw_timer.o
                0x080007d4                HW_TIMER_PWM_ChangeDuty
 .text.HW_TIMER_EnableClk
                0x080007e0       0x88 build/hw_timer.o
                0x080007e0                HW_TIMER_EnableClk
 .text.MPU6050_ReadAcc
                0x08000868       0x40 build/mpu6050.o
                0x08000868                MPU6050_ReadAcc
 .text.MPU6050_SetIntDataReadyEnabled
                0x080008a8        0xe build/mpu6050.o
                0x080008a8                MPU6050_SetIntDataReadyEnabled
 .text.MPU6050IrqHandler
                0x080008b6        0x2 build/mpu6050_platform.o
                0x080008b6                MPU6050IrqHandler
 .text.MPU6050_SetIntIrq
                0x080008b8       0x3c build/mpu6050_platform.o
                0x080008b8                MPU6050_SetIntIrq
 .text.MPU6050_Delay
                0x080008f4        0x8 build/mpu6050_platform.o
                0x080008f4                MPU6050_Delay
 .text.MPU6050_Init
                0x080008fc       0xfc build/mpu6050_platform.o
                0x080008fc                MPU6050_Init
 .text.MPU6050_ReadBytes
                0x080009f8       0x1e build/mpu6050_platform.o
                0x080009f8                MPU6050_ReadBytes
 .text.MPU6050_ReadBit
                0x08000a16       0x10 build/mpu6050_platform.o
                0x08000a16                MPU6050_ReadBit
 .text.MPU6050_WriteBit
                0x08000a26       0x10 build/mpu6050_platform.o
                0x08000a26                MPU6050_WriteBit
 .text.nRF24_LL_RW
                0x08000a36        0x8 build/nrf24_hal.o
                0x08000a36                nRF24_LL_RW
 *fill*         0x08000a3e        0x2 
 .text.nRF24_WriteReg
                0x08000a40       0x54 build/nrf24.o
 .text.nRF24_WriteMBReg
                0x08000a94       0x3c build/nrf24.o
 .text.nRF24_ReadMBReg
                0x08000ad0       0x3c build/nrf24.o
 .text.nRF24_ReadReg
                0x08000b0c       0x34 build/nrf24.o
 .text.nRF24_SetPowerMode
                0x08000b40       0x22 build/nrf24.o
                0x08000b40                nRF24_SetPowerMode
 .text.nRF24_SetOperationalMode
                0x08000b62       0x1c build/nrf24.o
                0x08000b62                nRF24_SetOperationalMode
 .text.nRF24_SetCRCScheme
                0x08000b7e       0x1c build/nrf24.o
                0x08000b7e                nRF24_SetCRCScheme
 .text.nRF24_SetRFChannel
                0x08000b9a        0xc build/nrf24.o
                0x08000b9a                nRF24_SetRFChannel
 .text.nRF24_SetAddrWidth
                0x08000ba6        0xe build/nrf24.o
                0x08000ba6                nRF24_SetAddrWidth
 .text.nRF24_SetDataRate
                0x08000bb4       0x18 build/nrf24.o
                0x08000bb4                nRF24_SetDataRate
 .text.nRF24_SetRXPipe
                0x08000bcc       0x58 build/nrf24.o
                0x08000bcc                nRF24_SetRXPipe
 .text.nRF24_DisableAA
                0x08000c24       0x2c build/nrf24.o
                0x08000c24                nRF24_DisableAA
 .text.nRF24_GetAddrWidth
                0x08000c50        0xe build/nrf24.o
                0x08000c50                nRF24_GetAddrWidth
 *fill*         0x08000c5e        0x2 
 .text.nRF24_SetAddr
                0x08000c60       0x40 build/nrf24.o
                0x08000c60                nRF24_SetAddr
 .text.nRF24_GetStatus_RXFIFO
                0x08000ca0        0xe build/nrf24.o
                0x08000ca0                nRF24_GetStatus_RXFIFO
 .text.nRF24_ClearIRQFlags
                0x08000cae       0x16 build/nrf24.o
                0x08000cae                nRF24_ClearIRQFlags
 .text.nRF24_ReadPayload
                0x08000cc4       0x38 build/nrf24.o
                0x08000cc4                nRF24_ReadPayload
 .text.I2C_IsAcknowledgeFailed
                0x08000cfc       0x32 build/stm32f1xx_hal_i2c.o
 .text.I2C_WaitOnFlagUntilTimeout
                0x08000d2e       0x74 build/stm32f1xx_hal_i2c.o
 .text.I2C_WaitOnMasterAddressFlagUntilTimeout
                0x08000da2       0xaa build/stm32f1xx_hal_i2c.o
 .text.I2C_WaitOnTXEFlagUntilTimeout
                0x08000e4c       0x54 build/stm32f1xx_hal_i2c.o
 .text.I2C_RequestMemoryWrite
                0x08000ea0       0xc8 build/stm32f1xx_hal_i2c.o
 .text.I2C_RequestMemoryRead
                0x08000f68      0x130 build/stm32f1xx_hal_i2c.o
 .text.I2C_WaitOnBTFFlagUntilTimeout
                0x08001098       0x54 build/stm32f1xx_hal_i2c.o
 .text.I2C_WaitOnRXNEFlagUntilTimeout
                0x080010ec       0x6a build/stm32f1xx_hal_i2c.o
 .text.HAL_I2C_MspInit
                0x08001156        0x2 build/stm32f1xx_hal_i2c.o
                0x08001156                HAL_I2C_MspInit
 .text.HAL_I2C_Init
                0x08001158      0x1a8 build/stm32f1xx_hal_i2c.o
                0x08001158                HAL_I2C_Init
 .text.HAL_I2C_Mem_Write
                0x08001300      0x164 build/stm32f1xx_hal_i2c.o
                0x08001300                HAL_I2C_Mem_Write
 .text.HAL_I2C_Mem_Read
                0x08001464      0x2fc build/stm32f1xx_hal_i2c.o
                0x08001464                HAL_I2C_Mem_Read
 .text.HAL_InitTick
                0x08001760       0x4c build/stm32f1xx_hal.o
                0x08001760                HAL_InitTick
 .text.HAL_Init
                0x080017ac       0x24 build/stm32f1xx_hal.o
                0x080017ac                HAL_Init
 .text.HAL_IncTick
                0x080017d0       0x18 build/stm32f1xx_hal.o
                0x080017d0                HAL_IncTick
 .text.HAL_GetTick
                0x080017e8        0xc build/stm32f1xx_hal.o
                0x080017e8                HAL_GetTick
 .text.HAL_Delay
                0x080017f4       0x28 build/stm32f1xx_hal.o
                0x080017f4                HAL_Delay
 .text.RCC_Delay
                0x0800181c       0x2c build/stm32f1xx_hal_rcc.o
 .text.HAL_RCC_OscConfig
                0x08001848      0x410 build/stm32f1xx_hal_rcc.o
                0x08001848                HAL_RCC_OscConfig
 .text.HAL_RCC_GetSysClockFreq
                0x08001c58       0x6c build/stm32f1xx_hal_rcc.o
                0x08001c58                HAL_RCC_GetSysClockFreq
 .text.HAL_RCC_ClockConfig
                0x08001cc4      0x16c build/stm32f1xx_hal_rcc.o
                0x08001cc4                HAL_RCC_ClockConfig
 .text.HAL_RCC_GetHCLKFreq
                0x08001e30        0xc build/stm32f1xx_hal_rcc.o
                0x08001e30                HAL_RCC_GetHCLKFreq
 .text.HAL_RCC_GetPCLK1Freq
                0x08001e3c       0x20 build/stm32f1xx_hal_rcc.o
                0x08001e3c                HAL_RCC_GetPCLK1Freq
 .text.HAL_GPIO_Init
                0x08001e5c      0x220 build/stm32f1xx_hal_gpio.o
                0x08001e5c                HAL_GPIO_Init
 .text.HAL_GPIO_WritePin
                0x0800207c        0xc build/stm32f1xx_hal_gpio.o
                0x0800207c                HAL_GPIO_WritePin
 .text.HAL_GPIO_TogglePin
                0x08002088        0xe build/stm32f1xx_hal_gpio.o
                0x08002088                HAL_GPIO_TogglePin
 *fill*         0x08002096        0x2 
 .text.HAL_GPIO_EXTI_IRQHandler
                0x08002098       0x1c build/stm32f1xx_hal_gpio.o
                0x08002098                HAL_GPIO_EXTI_IRQHandler
 .text.UART_WaitOnFlagUntilTimeout
                0x080020b4       0x68 build/stm32f1xx_hal_uart.o
 .text.HAL_UART_Transmit
                0x0800211c       0xe0 build/stm32f1xx_hal_uart.o
                0x0800211c                HAL_UART_Transmit
 .text.HAL_NVIC_SetPriorityGrouping
                0x080021fc       0x24 build/stm32f1xx_hal_cortex.o
                0x080021fc                HAL_NVIC_SetPriorityGrouping
 .text.HAL_NVIC_SetPriority
                0x08002220       0x68 build/stm32f1xx_hal_cortex.o
                0x08002220                HAL_NVIC_SetPriority
 .text.HAL_NVIC_EnableIRQ
                0x08002288       0x1c build/stm32f1xx_hal_cortex.o
                0x08002288                HAL_NVIC_EnableIRQ
 .text.HAL_SYSTICK_Config
                0x080022a4       0x2c build/stm32f1xx_hal_cortex.o
                0x080022a4                HAL_SYSTICK_Config
 .text.SPI_WaitFlagStateUntilTimeout
                0x080022d0       0x94 build/stm32f1xx_hal_spi.o
 .text.SPI_EndRxTxTransaction
                0x08002364       0x24 build/stm32f1xx_hal_spi.o
 .text.HAL_SPI_MspInit
                0x08002388        0x2 build/stm32f1xx_hal_spi.o
                0x08002388                HAL_SPI_MspInit
 .text.HAL_SPI_Init
                0x0800238a       0x7c build/stm32f1xx_hal_spi.o
                0x0800238a                HAL_SPI_Init
 .text.HAL_SPI_TransmitReceive
                0x08002406      0x238 build/stm32f1xx_hal_spi.o
                0x08002406                HAL_SPI_TransmitReceive
 *fill*         0x0800263e        0x2 
 .text.TIM_OC1_SetConfig
                0x08002640       0x5c build/stm32f1xx_hal_tim.o
 .text.TIM_OC3_SetConfig
                0x0800269c       0x64 build/stm32f1xx_hal_tim.o
 .text.TIM_OC4_SetConfig
                0x08002700       0x48 build/stm32f1xx_hal_tim.o
 .text.TIM_TI1_ConfigInputStage
                0x08002748       0x24 build/stm32f1xx_hal_tim.o
 .text.TIM_TI2_ConfigInputStage
                0x0800276c       0x26 build/stm32f1xx_hal_tim.o
 .text.TIM_ITRx_SetConfig
                0x08002792       0x10 build/stm32f1xx_hal_tim.o
 .text.HAL_TIM_PWM_MspInit
                0x080027a2        0x2 build/stm32f1xx_hal_tim.o
                0x080027a2                HAL_TIM_PWM_MspInit
 .text.TIM_Base_SetConfig
                0x080027a4       0x74 build/stm32f1xx_hal_tim.o
                0x080027a4                TIM_Base_SetConfig
 .text.HAL_TIM_Base_Init
                0x08002818       0x34 build/stm32f1xx_hal_tim.o
                0x08002818                HAL_TIM_Base_Init
 .text.HAL_TIM_PWM_Init
                0x0800284c       0x34 build/stm32f1xx_hal_tim.o
                0x0800284c                HAL_TIM_PWM_Init
 .text.TIM_OC2_SetConfig
                0x08002880       0x64 build/stm32f1xx_hal_tim.o
                0x08002880                TIM_OC2_SetConfig
 .text.HAL_TIM_PWM_ConfigChannel
                0x080028e4       0xdc build/stm32f1xx_hal_tim.o
                0x080028e4                HAL_TIM_PWM_ConfigChannel
 .text.TIM_ETR_SetConfig
                0x080029c0       0x16 build/stm32f1xx_hal_tim.o
                0x080029c0                TIM_ETR_SetConfig
 .text.HAL_TIM_ConfigClockSource
                0x080029d6       0xda build/stm32f1xx_hal_tim.o
                0x080029d6                HAL_TIM_ConfigClockSource
 .text.TIM_CCxChannelCmd
                0x08002ab0       0x22 build/stm32f1xx_hal_tim.o
                0x08002ab0                TIM_CCxChannelCmd
 *fill*         0x08002ad2        0x2 
 .text.HAL_TIM_PWM_Start
                0x08002ad4       0x3c build/stm32f1xx_hal_tim.o
                0x08002ad4                HAL_TIM_PWM_Start
 .text.HAL_TIMEx_MasterConfigSynchronization
                0x08002b10       0x46 build/stm32f1xx_hal_tim_ex.o
                0x08002b10                HAL_TIMEx_MasterConfigSynchronization
 .text.HAL_TIMEx_ConfigBreakDeadTime
                0x08002b56       0x52 build/stm32f1xx_hal_tim_ex.o
                0x08002b56                HAL_TIMEx_ConfigBreakDeadTime
 .text.HAL_MspInit
                0x08002ba8       0x44 build/stm32f1xx_hal_msp.o
                0x08002ba8                HAL_MspInit
 .text.HAL_TIM_Base_MspInit
                0x08002bec        0x8 build/stm32f1xx_hal_msp.o
                0x08002bec                HAL_TIM_Base_MspInit
 .text.HAL_GPIO_EXTI_Callback
                0x08002bf4        0x8 build/stm32f1xx_hal_msp.o
                0x08002bf4                HAL_GPIO_EXTI_Callback
 .text.MSP_GetIRQn
                0x08002bfc       0x82 build/stm32f1xx_hal_msp.o
                0x08002bfc                MSP_GetIRQn
 .text.Error_Handler
                0x08002c7e        0x2 build/stm32f1xx_hal_msp.o
                0x08002c7e                Error_Handler
 .text.HW_Init  0x08002c80       0x28 build/stm32f1xx_hw_conf.o
                0x08002c80                HW_Init
 .text.SystemClock_Config
                0x08002ca8       0x64 build/stm32f1xx_hw_conf.o
                0x08002ca8                SystemClock_Config
 .text.NMI_Handler
                0x08002d0c        0x2 build/stm32f1xx_it.o
                0x08002d0c                NMI_Handler
 .text.HardFault_Handler
                0x08002d0e        0x4 build/stm32f1xx_it.o
                0x08002d0e                HardFault_Handler
 .text.MemManage_Handler
                0x08002d12        0x2 build/stm32f1xx_it.o
                0x08002d12                MemManage_Handler
 .text.BusFault_Handler
                0x08002d14        0x2 build/stm32f1xx_it.o
                0x08002d14                BusFault_Handler
 .text.UsageFault_Handler
                0x08002d16        0x2 build/stm32f1xx_it.o
                0x08002d16                UsageFault_Handler
 .text.SVC_Handler
                0x08002d18        0x2 build/stm32f1xx_it.o
                0x08002d18                SVC_Handler
 .text.DebugMon_Handler
                0x08002d1a        0x2 build/stm32f1xx_it.o
                0x08002d1a                DebugMon_Handler
 .text.PendSV_Handler
                0x08002d1c        0x2 build/stm32f1xx_it.o
                0x08002d1c                PendSV_Handler
 .text.SysTick_Handler
                0x08002d1e        0x8 build/stm32f1xx_it.o
                0x08002d1e                SysTick_Handler
 .text.EXTI0_IRQHandler
                0x08002d26        0xa build/stm32f1xx_it.o
                0x08002d26                EXTI0_IRQHandler
 .text.EXTI1_IRQHandler
                0x08002d30        0xa build/stm32f1xx_it.o
                0x08002d30                EXTI1_IRQHandler
 .text.EXTI2_IRQHandler
                0x08002d3a        0xa build/stm32f1xx_it.o
                0x08002d3a                EXTI2_IRQHandler
 .text.EXTI3_IRQHandler
                0x08002d44        0xa build/stm32f1xx_it.o
                0x08002d44                EXTI3_IRQHandler
 .text.EXTI4_IRQHandler
                0x08002d4e        0xa build/stm32f1xx_it.o
                0x08002d4e                EXTI4_IRQHandler
 .text.EXTI9_5_IRQHandler
                0x08002d58       0x26 build/stm32f1xx_it.o
                0x08002d58                EXTI9_5_IRQHandler
 .text.EXTI15_10_IRQHandler
                0x08002d7e       0x34 build/stm32f1xx_it.o
                0x08002d7e                EXTI15_10_IRQHandler
 *fill*         0x08002db2        0x2 
 .text.SystemInit
                0x08002db4       0x4c build/system_stm32f1xx.o
                0x08002db4                SystemInit
 .text.Reset_Handler
                0x08002e00       0x48 build/startup_stm32f103xb.o
                0x08002e00                Reset_Handler
 .text.Default_Handler
                0x08002e48        0x2 build/startup_stm32f103xb.o
                0x08002e48                RTC_Alarm_IRQHandler
                0x08002e48                TIM1_CC_IRQHandler
                0x08002e48                PVD_IRQHandler
                0x08002e48                I2C2_EV_IRQHandler
                0x08002e48                ADC1_2_IRQHandler
                0x08002e48                SPI1_IRQHandler
                0x08002e48                TAMPER_IRQHandler
                0x08002e48                DMA1_Channel4_IRQHandler
                0x08002e48                USART3_IRQHandler
                0x08002e48                RTC_IRQHandler
                0x08002e48                DMA1_Channel7_IRQHandler
                0x08002e48                CAN1_RX1_IRQHandler
                0x08002e48                TIM4_IRQHandler
                0x08002e48                I2C1_EV_IRQHandler
                0x08002e48                DMA1_Channel6_IRQHandler
                0x08002e48                TIM3_IRQHandler
                0x08002e48                RCC_IRQHandler
                0x08002e48                TIM1_TRG_COM_IRQHandler
                0x08002e48                DMA1_Channel1_IRQHandler
                0x08002e48                Default_Handler
                0x08002e48                SPI2_IRQHandler
                0x08002e48                DMA1_Channel5_IRQHandler
                0x08002e48                USB_LP_CAN1_RX0_IRQHandler
                0x08002e48                USB_HP_CAN1_TX_IRQHandler
                0x08002e48                DMA1_Channel3_IRQHandler
                0x08002e48                TIM1_UP_IRQHandler
                0x08002e48                WWDG_IRQHandler
                0x08002e48                TIM2_IRQHandler
                0x08002e48                TIM1_BRK_IRQHandler
                0x08002e48                USART2_IRQHandler
                0x08002e48                I2C2_ER_IRQHandler
                0x08002e48                DMA1_Channel2_IRQHandler
                0x08002e48                CAN1_SCE_IRQHandler
                0x08002e48                FLASH_IRQHandler
                0x08002e48                USART1_IRQHandler
                0x08002e48                I2C1_ER_IRQHandler
                0x08002e48                USBWakeUp_IRQHandler
 *fill*         0x08002e4a        0x2 
 .text.__libc_init_array
                0x08002e4c       0x48 c:/vsarm/armcc/bin/../lib/gcc/arm-none-eabi/9.2.1/../../../../arm-none-eabi/lib/thumb/v7-m/nofp\libc_nano.a(lib_a-init.o)
                0x08002e4c                __libc_init_array
 .text.memcpy   0x08002e94       0x1c c:/vsarm/armcc/bin/../lib/gcc/arm-none-eabi/9.2.1/../../../../arm-none-eabi/lib/thumb/v7-m/nofp\libc_nano.a(lib_a-memcpy-stub.o)
                0x08002e94                memcpy
 .text.memset   0x08002eb0       0x10 c:/vsarm/armcc/bin/../lib/gcc/arm-none-eabi/9.2.1/../../../../arm-none-eabi/lib/thumb/v7-m/nofp\libc_nano.a(lib_a-memset.o)
                0x08002eb0                memset
 .text._vsprintf_r
                0x08002ec0       0x2c c:/vsarm/armcc/bin/../lib/gcc/arm-none-eabi/9.2.1/../../../../arm-none-eabi/lib/thumb/v7-m/nofp\libc_nano.a(lib_a-vsprintf.o)
                0x08002ec0                _vsprintf_r
                0x08002ec0                _vsiprintf_r
 .text.vsprintf
                0x08002eec       0x14 c:/vsarm/armcc/bin/../lib/gcc/arm-none-eabi/9.2.1/../../../../arm-none-eabi/lib/thumb/v7-m/nofp\libc_nano.a(lib_a-vsprintf.o)
                0x08002eec                vsiprintf
                0x08002eec                vsprintf
 .text.__ssputs_r
                0x08002f00       0xb6 c:/vsarm/armcc/bin/../lib/gcc/arm-none-eabi/9.2.1/../../../../arm-none-eabi/lib/thumb/v7-m/nofp\libc_nano.a(lib_a-nano-svfprintf.o)
                0x08002f00                __ssputs_r
 *fill*         0x08002fb6        0x2 
 .text._svfprintf_r
                0x08002fb8      0x200 c:/vsarm/armcc/bin/../lib/gcc/arm-none-eabi/9.2.1/../../../../arm-none-eabi/lib/thumb/v7-m/nofp\libc_nano.a(lib_a-nano-svfprintf.o)
                0x08002fb8                _svfiprintf_r
                0x08002fb8                _svfprintf_r
 .text._printf_common
                0x080031b8       0xde c:/vsarm/armcc/bin/../lib/gcc/arm-none-eabi/9.2.1/../../../../arm-none-eabi/lib/thumb/v7-m/nofp\libc_nano.a(lib_a-nano-vfprintf_i.o)
                0x080031b8                _printf_common
 *fill*         0x08003296        0x2 
 .text._printf_i
                0x08003298      0x24c c:/vsarm/armcc/bin/../lib/gcc/arm-none-eabi/9.2.1/../../../../arm-none-eabi/lib/thumb/v7-m/nofp\libc_nano.a(lib_a-nano-vfprintf_i.o)
                0x08003298                _printf_i
 .text.memchr   0x080034e4       0x1c c:/vsarm/armcc/bin/../lib/gcc/arm-none-eabi/9.2.1/../../../../arm-none-eabi/lib/thumb/v7-m/nofp\libc_nano.a(lib_a-memchr-stub.o)
                0x080034e4                memchr
 .text.memmove  0x08003500       0x34 c:/vsarm/armcc/bin/../lib/gcc/arm-none-eabi/9.2.1/../../../../arm-none-eabi/lib/thumb/v7-m/nofp\libc_nano.a(lib_a-memmove.o)
                0x08003500                memmove
 .text._free_r  0x08003534       0x98 c:/vsarm/armcc/bin/../lib/gcc/arm-none-eabi/9.2.1/../../../../arm-none-eabi/lib/thumb/v7-m/nofp\libc_nano.a(lib_a-nano-freer.o)
                0x08003534                _free_r
 .text._malloc_r
                0x080035cc       0xb4 c:/vsarm/armcc/bin/../lib/gcc/arm-none-eabi/9.2.1/../../../../arm-none-eabi/lib/thumb/v7-m/nofp\libc_nano.a(lib_a-nano-mallocr.o)
                0x080035cc                _malloc_r
 .text._realloc_r
                0x08003680       0x4c c:/vsarm/armcc/bin/../lib/gcc/arm-none-eabi/9.2.1/../../../../arm-none-eabi/lib/thumb/v7-m/nofp\libc_nano.a(lib_a-nano-reallocr.o)
                0x08003680                _realloc_r
 .text._sbrk_r  0x080036cc       0x20 c:/vsarm/armcc/bin/../lib/gcc/arm-none-eabi/9.2.1/../../../../arm-none-eabi/lib/thumb/v7-m/nofp\libc_nano.a(lib_a-sbrkr.o)
                0x080036cc                _sbrk_r
 .text.__malloc_lock
                0x080036ec        0xc c:/vsarm/armcc/bin/../lib/gcc/arm-none-eabi/9.2.1/../../../../arm-none-eabi/lib/thumb/v7-m/nofp\libc_nano.a(lib_a-mlock.o)
                0x080036ec                __malloc_lock
 .text.__malloc_unlock
                0x080036f8        0xc c:/vsarm/armcc/bin/../lib/gcc/arm-none-eabi/9.2.1/../../../../arm-none-eabi/lib/thumb/v7-m/nofp\libc_nano.a(lib_a-mlock.o)
                0x080036f8                __malloc_unlock
 .text._malloc_usable_size_r
                0x08003704       0x10 c:/vsarm/armcc/bin/../lib/gcc/arm-none-eabi/9.2.1/../../../../arm-none-eabi/lib/thumb/v7-m/nofp\libc_nano.a(lib_a-nano-msizer.o)
                0x08003704                _malloc_usable_size_r
 .text.__retarget_lock_acquire_recursive
                0x08003714        0x2 c:/vsarm/armcc/bin/../lib/gcc/arm-none-eabi/9.2.1/../../../../arm-none-eabi/lib/thumb/v7-m/nofp\libc_nano.a(lib_a-lock.o)
                0x08003714                __retarget_lock_acquire_recursive
 .text.__retarget_lock_release_recursive
                0x08003716        0x2 c:/vsarm/armcc/bin/../lib/gcc/arm-none-eabi/9.2.1/../../../../arm-none-eabi/lib/thumb/v7-m/nofp\libc_nano.a(lib_a-lock.o)
                0x08003716                __retarget_lock_release_recursive
 .text._sbrk    0x08003718       0x1c c:/vsarm/armcc/bin/../lib/gcc/arm-none-eabi/9.2.1/../../../../arm-none-eabi/lib/thumb/v7-m/nofp\libnosys.a(sbrk.o)
                0x08003718                _sbrk
 *(.glue_7)
 .glue_7        0x08003734        0x0 linker stubs
 *(.glue_7t)
 .glue_7t       0x08003734        0x0 linker stubs
 *(.eh_frame)
 .eh_frame      0x08003734        0x0 c:/vsarm/armcc/bin/../lib/gcc/arm-none-eabi/9.2.1/thumb/v7-m/nofp/crtbegin.o
 *(.init)
 .init          0x08003734        0x4 c:/vsarm/armcc/bin/../lib/gcc/arm-none-eabi/9.2.1/thumb/v7-m/nofp/crti.o
                0x08003734                _init
 .init          0x08003738        0x8 c:/vsarm/armcc/bin/../lib/gcc/arm-none-eabi/9.2.1/thumb/v7-m/nofp/crtn.o
 *(.fini)
 .fini          0x08003740        0x4 c:/vsarm/armcc/bin/../lib/gcc/arm-none-eabi/9.2.1/thumb/v7-m/nofp/crti.o
                0x08003740                _fini
 .fini          0x08003744        0x8 c:/vsarm/armcc/bin/../lib/gcc/arm-none-eabi/9.2.1/thumb/v7-m/nofp/crtn.o
                0x0800374c                . = ALIGN (0x4)
                0x0800374c                _etext = .

.vfp11_veneer   0x0800374c        0x0
 .vfp11_veneer  0x0800374c        0x0 linker stubs

.v4_bx          0x0800374c        0x0
 .v4_bx         0x0800374c        0x0 linker stubs

.iplt           0x0800374c        0x0
 .iplt          0x0800374c        0x0 c:/vsarm/armcc/bin/../lib/gcc/arm-none-eabi/9.2.1/thumb/v7-m/nofp/crtbegin.o

.rodata         0x0800374c       0x74
                0x0800374c                . = ALIGN (0x4)
 *(.rodata)
 *(.rodata*)
 .rodata.main.str1.4
                0x0800374c        0xa build/main.o
 *fill*         0x08003756        0x2 
 .rodata.nRF24_ADDR_REGS
                0x08003758        0x7 build/nrf24.o
 *fill*         0x0800375f        0x1 
 .rodata.HAL_RCC_GetSysClockFreq.str1.4
                0x08003760       0x11 build/stm32f1xx_hal_rcc.o
 *fill*         0x08003771        0x3 
 .rodata.AHBPrescTable
                0x08003774       0x10 build/system_stm32f1xx.o
                0x08003774                AHBPrescTable
 .rodata.APBPrescTable
                0x08003784        0x8 build/system_stm32f1xx.o
                0x08003784                APBPrescTable
 .rodata._svfprintf_r.str1.1
                0x0800378c       0x11 c:/vsarm/armcc/bin/../lib/gcc/arm-none-eabi/9.2.1/../../../../arm-none-eabi/lib/thumb/v7-m/nofp\libc_nano.a(lib_a-nano-svfprintf.o)
 .rodata._printf_i.str1.1
                0x0800379d       0x22 c:/vsarm/armcc/bin/../lib/gcc/arm-none-eabi/9.2.1/../../../../arm-none-eabi/lib/thumb/v7-m/nofp\libc_nano.a(lib_a-nano-vfprintf_i.o)
                0x080037c0                . = ALIGN (0x4)
 *fill*         0x080037bf        0x1 

.rel.dyn        0x080037c0        0x0
 .rel.iplt      0x080037c0        0x0 c:/vsarm/armcc/bin/../lib/gcc/arm-none-eabi/9.2.1/thumb/v7-m/nofp/crtbegin.o

.ARM.extab
 *(.ARM.extab* .gnu.linkonce.armextab.*)

.ARM            0x080037c0        0x0
                0x080037c0                __exidx_start = .
 *(.ARM.exidx*)
                0x080037c0                __exidx_end = .

.preinit_array  0x080037c0        0x0
                0x080037c0                PROVIDE (__preinit_array_start = .)
 *(.preinit_array*)
                0x080037c0                PROVIDE (__preinit_array_end = .)

.init_array     0x080037c0        0x4
                0x080037c0                PROVIDE (__init_array_start = .)
 *(SORT_BY_NAME(.init_array.*))
 *(.init_array*)
 .init_array    0x080037c0        0x4 c:/vsarm/armcc/bin/../lib/gcc/arm-none-eabi/9.2.1/thumb/v7-m/nofp/crtbegin.o
                0x080037c4                PROVIDE (__init_array_end = .)

.fini_array     0x080037c4        0x4
                [!provide]                PROVIDE (__fini_array_start = .)
 *(SORT_BY_NAME(.fini_array.*))
 *(.fini_array*)
 .fini_array    0x080037c4        0x4 c:/vsarm/armcc/bin/../lib/gcc/arm-none-eabi/9.2.1/thumb/v7-m/nofp/crtbegin.o
                [!provide]                PROVIDE (__fini_array_end = .)
                0x080037c8                _sidata = LOADADDR (.data)

.data           0x20000000       0x70 load address 0x080037c8
                0x20000000                . = ALIGN (0x4)
                0x20000000                _sdata = .
 *(.data)
 *(.data*)
 .data.uwTickFreq
                0x20000000        0x1 build/stm32f1xx_hal.o
                0x20000000                uwTickFreq
 *fill*         0x20000001        0x3 
 .data.uwTickPrio
                0x20000004        0x4 build/stm32f1xx_hal.o
                0x20000004                uwTickPrio
 .data.SystemCoreClock
                0x20000008        0x4 build/system_stm32f1xx.o
                0x20000008                SystemCoreClock
 .data._impure_ptr
                0x2000000c        0x4 c:/vsarm/armcc/bin/../lib/gcc/arm-none-eabi/9.2.1/../../../../arm-none-eabi/lib/thumb/v7-m/nofp\libc_nano.a(lib_a-impure.o)
                0x2000000c                _impure_ptr
 .data.impure_data
                0x20000010       0x60 c:/vsarm/armcc/bin/../lib/gcc/arm-none-eabi/9.2.1/../../../../arm-none-eabi/lib/thumb/v7-m/nofp\libc_nano.a(lib_a-impure.o)
                0x20000070                . = ALIGN (0x4)
                0x20000070                _edata = .

.igot.plt       0x20000070        0x0 load address 0x08003838
 .igot.plt      0x20000070        0x0 c:/vsarm/armcc/bin/../lib/gcc/arm-none-eabi/9.2.1/thumb/v7-m/nofp/crtbegin.o
                0x20000070                . = ALIGN (0x4)

.bss            0x20000070      0x1b4 load address 0x08003838
                0x20000070                _sbss = .
                0x20000070                __bss_start__ = _sbss
 *(.bss)
 .bss           0x20000070       0x1c c:/vsarm/armcc/bin/../lib/gcc/arm-none-eabi/9.2.1/thumb/v7-m/nofp/crtbegin.o
 *(.bss*)
 .bss.GpioIrq   0x2000008c       0x40 build/hw_gpio.o
 .bss.hspi      0x200000cc       0x58 build/hw_spi.o
 .bss.huart     0x20000124       0x40 build/hw_uart.o
 .bss.McuInitialized
                0x20000164        0x1 build/stm32f1xx_hw_conf.o
 *fill*         0x20000165        0x3 
 .bss.__malloc_free_list
                0x20000168        0x4 c:/vsarm/armcc/bin/../lib/gcc/arm-none-eabi/9.2.1/../../../../arm-none-eabi/lib/thumb/v7-m/nofp\libc_nano.a(lib_a-nano-mallocr.o)
                0x20000168                __malloc_free_list
 .bss.__malloc_sbrk_start
                0x2000016c        0x4 c:/vsarm/armcc/bin/../lib/gcc/arm-none-eabi/9.2.1/../../../../arm-none-eabi/lib/thumb/v7-m/nofp\libc_nano.a(lib_a-nano-mallocr.o)
                0x2000016c                __malloc_sbrk_start
 .bss.heap_end.4144
                0x20000170        0x4 c:/vsarm/armcc/bin/../lib/gcc/arm-none-eabi/9.2.1/../../../../arm-none-eabi/lib/thumb/v7-m/nofp\libnosys.a(sbrk.o)
 *(COMMON)
 COMMON         0x20000174       0x54 build/hw_i2c.o
                0x20000174                hi2c1
 COMMON         0x200001c8       0x40 build/hw_timer.o
                0x200001c8                htim1
 COMMON         0x20000208        0x8 build/mpu6050_platform.o
                0x20000208                MPU6050Dev
 COMMON         0x20000210        0x4 build/stm32f1xx_hal.o
                0x20000210                uwTick
 COMMON         0x20000214        0x4 c:/vsarm/armcc/bin/../lib/gcc/arm-none-eabi/9.2.1/../../../../arm-none-eabi/lib/thumb/v7-m/nofp\libc_nano.a(lib_a-reent.o)
                0x20000214                errno
 COMMON         0x20000218        0x9 c:/vsarm/armcc/bin/../lib/gcc/arm-none-eabi/9.2.1/../../../../arm-none-eabi/lib/thumb/v7-m/nofp\libc_nano.a(lib_a-lock.o)
                0x20000218                __lock___atexit_recursive_mutex
                0x20000219                __lock___arc4random_mutex
                0x2000021a                __lock___env_recursive_mutex
                0x2000021b                __lock___sinit_recursive_mutex
                0x2000021c                __lock___malloc_recursive_mutex
                0x2000021d                __lock___at_quick_exit_mutex
                0x2000021e                __lock___dd_hash_mutex
                0x2000021f                __lock___tz_mutex
                0x20000220                __lock___sfp_recursive_mutex
                0x20000224                . = ALIGN (0x4)
 *fill*         0x20000221        0x3 
                0x20000224                _ebss = .
                0x20000224                __bss_end__ = _ebss

._user_heap_stack
                0x20000224      0x604 load address 0x08003838
                0x20000228                . = ALIGN (0x8)
 *fill*         0x20000224        0x4 
                0x20000228                PROVIDE (end = .)
                [!provide]                PROVIDE (_end = .)
                0x20000428                . = (. + _Min_Heap_Size)
 *fill*         0x20000228      0x200 
                0x20000828                . = (. + _Min_Stack_Size)
 *fill*         0x20000428      0x400 
                0x20000828                . = ALIGN (0x8)

/DISCARD/
 libc.a(*)
 libm.a(*)
 libgcc.a(*)

.ARM.attributes
                0x00000000       0x29
 *(.ARM.attributes)
 .ARM.attributes
                0x00000000       0x1d c:/vsarm/armcc/bin/../lib/gcc/arm-none-eabi/9.2.1/thumb/v7-m/nofp/crti.o
 .ARM.attributes
                0x0000001d       0x2d c:/vsarm/armcc/bin/../lib/gcc/arm-none-eabi/9.2.1/thumb/v7-m/nofp/crtbegin.o
 .ARM.attributes
                0x0000004a       0x2d build/main.o
 .ARM.attributes
                0x00000077       0x2d build/bsp.o
 .ARM.attributes
                0x000000a4       0x2d build/hw_gpio.o
 .ARM.attributes
                0x000000d1       0x2d build/hw_i2c.o
 .ARM.attributes
                0x000000fe       0x2d build/hw_spi.o
 .ARM.attributes
                0x0000012b       0x2d build/hw_uart.o
 .ARM.attributes
                0x00000158       0x2d build/hw_timer.o
 .ARM.attributes
                0x00000185       0x2d build/mpu6050.o
 .ARM.attributes
                0x000001b2       0x2d build/mpu6050_platform.o
 .ARM.attributes
                0x000001df       0x2d build/nrf24_hal.o
 .ARM.attributes
                0x0000020c       0x2d build/nrf24.o
 .ARM.attributes
                0x00000239       0x2d build/stm32f1xx_hal_i2c.o
 .ARM.attributes
                0x00000266       0x2d build/stm32f1xx_hal.o
 .ARM.attributes
                0x00000293       0x2d build/stm32f1xx_hal_rcc.o
 .ARM.attributes
                0x000002c0       0x2d build/stm32f1xx_hal_gpio.o
 .ARM.attributes
                0x000002ed       0x2d build/stm32f1xx_hal_uart.o
 .ARM.attributes
                0x0000031a       0x2d build/stm32f1xx_hal_cortex.o
 .ARM.attributes
                0x00000347       0x2d build/stm32f1xx_hal_spi.o
 .ARM.attributes
                0x00000374       0x2d build/stm32f1xx_hal_tim.o
 .ARM.attributes
                0x000003a1       0x2d build/stm32f1xx_hal_tim_ex.o
 .ARM.attributes
                0x000003ce       0x2d build/stm32f1xx_hal_msp.o
 .ARM.attributes
                0x000003fb       0x2d build/stm32f1xx_hw_conf.o
 .ARM.attributes
                0x00000428       0x2d build/stm32f1xx_it.o
 .ARM.attributes
                0x00000455       0x2d build/system_stm32f1xx.o
 .ARM.attributes
                0x00000482       0x21 build/startup_stm32f103xb.o
 .ARM.attributes
                0x000004a3       0x2d c:/vsarm/armcc/bin/../lib/gcc/arm-none-eabi/9.2.1/../../../../arm-none-eabi/lib/thumb/v7-m/nofp\libc_nano.a(lib_a-impure.o)
 .ARM.attributes
                0x000004d0       0x2d c:/vsarm/armcc/bin/../lib/gcc/arm-none-eabi/9.2.1/../../../../arm-none-eabi/lib/thumb/v7-m/nofp\libc_nano.a(lib_a-init.o)
 .ARM.attributes
                0x000004fd       0x2d c:/vsarm/armcc/bin/../lib/gcc/arm-none-eabi/9.2.1/../../../../arm-none-eabi/lib/thumb/v7-m/nofp\libc_nano.a(lib_a-memcpy-stub.o)
 .ARM.attributes
                0x0000052a       0x2d c:/vsarm/armcc/bin/../lib/gcc/arm-none-eabi/9.2.1/../../../../arm-none-eabi/lib/thumb/v7-m/nofp\libc_nano.a(lib_a-memset.o)
 .ARM.attributes
                0x00000557       0x17 c:/vsarm/armcc/bin/../lib/gcc/arm-none-eabi/9.2.1/../../../../arm-none-eabi/lib/thumb/v7-m/nofp\libc_nano.a(lib_a-strlen.o)
 .ARM.attributes
                0x0000056e       0x2d c:/vsarm/armcc/bin/../lib/gcc/arm-none-eabi/9.2.1/../../../../arm-none-eabi/lib/thumb/v7-m/nofp\libc_nano.a(lib_a-vsprintf.o)
 .ARM.attributes
                0x0000059b       0x2d c:/vsarm/armcc/bin/../lib/gcc/arm-none-eabi/9.2.1/../../../../arm-none-eabi/lib/thumb/v7-m/nofp\libc_nano.a(lib_a-nano-svfprintf.o)
 .ARM.attributes
                0x000005c8       0x2d c:/vsarm/armcc/bin/../lib/gcc/arm-none-eabi/9.2.1/../../../../arm-none-eabi/lib/thumb/v7-m/nofp\libc_nano.a(lib_a-nano-vfprintf_i.o)
 .ARM.attributes
                0x000005f5       0x2d c:/vsarm/armcc/bin/../lib/gcc/arm-none-eabi/9.2.1/../../../../arm-none-eabi/lib/thumb/v7-m/nofp\libc_nano.a(lib_a-memchr-stub.o)
 .ARM.attributes
                0x00000622       0x2d c:/vsarm/armcc/bin/../lib/gcc/arm-none-eabi/9.2.1/../../../../arm-none-eabi/lib/thumb/v7-m/nofp\libc_nano.a(lib_a-memmove.o)
 .ARM.attributes
                0x0000064f       0x2d c:/vsarm/armcc/bin/../lib/gcc/arm-none-eabi/9.2.1/../../../../arm-none-eabi/lib/thumb/v7-m/nofp\libc_nano.a(lib_a-nano-freer.o)
 .ARM.attributes
                0x0000067c       0x2d c:/vsarm/armcc/bin/../lib/gcc/arm-none-eabi/9.2.1/../../../../arm-none-eabi/lib/thumb/v7-m/nofp\libc_nano.a(lib_a-nano-mallocr.o)
 .ARM.attributes
                0x000006a9       0x2d c:/vsarm/armcc/bin/../lib/gcc/arm-none-eabi/9.2.1/../../../../arm-none-eabi/lib/thumb/v7-m/nofp\libc_nano.a(lib_a-nano-reallocr.o)
 .ARM.attributes
                0x000006d6       0x2d c:/vsarm/armcc/bin/../lib/gcc/arm-none-eabi/9.2.1/../../../../arm-none-eabi/lib/thumb/v7-m/nofp\libc_nano.a(lib_a-sbrkr.o)
 .ARM.attributes
                0x00000703       0x2d c:/vsarm/armcc/bin/../lib/gcc/arm-none-eabi/9.2.1/../../../../arm-none-eabi/lib/thumb/v7-m/nofp\libc_nano.a(lib_a-mlock.o)
 .ARM.attributes
                0x00000730       0x2d c:/vsarm/armcc/bin/../lib/gcc/arm-none-eabi/9.2.1/../../../../arm-none-eabi/lib/thumb/v7-m/nofp\libc_nano.a(lib_a-nano-msizer.o)
 .ARM.attributes
                0x0000075d       0x2d c:/vsarm/armcc/bin/../lib/gcc/arm-none-eabi/9.2.1/../../../../arm-none-eabi/lib/thumb/v7-m/nofp\libc_nano.a(lib_a-reent.o)
 .ARM.attributes
                0x0000078a       0x2d c:/vsarm/armcc/bin/../lib/gcc/arm-none-eabi/9.2.1/../../../../arm-none-eabi/lib/thumb/v7-m/nofp\libc_nano.a(lib_a-lock.o)
 .ARM.attributes
                0x000007b7       0x2d c:/vsarm/armcc/bin/../lib/gcc/arm-none-eabi/9.2.1/../../../../arm-none-eabi/lib/thumb/v7-m/nofp\libnosys.a(sbrk.o)
 .ARM.attributes
                0x000007e4       0x1d c:/vsarm/armcc/bin/../lib/gcc/arm-none-eabi/9.2.1/thumb/v7-m/nofp/crtn.o
OUTPUT(build/FlightController.elf elf32-littlearm)

.debug_info     0x00000000    0x25008
 .debug_info    0x00000000     0x1885 build/main.o
 .debug_info    0x00001885     0x1215 build/bsp.o
 .debug_info    0x00002a9a     0x17a7 build/hw_gpio.o
 .debug_info    0x00004241     0x1c5a build/hw_i2c.o
 .debug_info    0x00005e9b     0x177c build/hw_spi.o
 .debug_info    0x00007617     0x179f build/hw_uart.o
 .debug_info    0x00008db6     0x1a4b build/hw_timer.o
 .debug_info    0x0000a801     0x227a build/mpu6050.o
 .debug_info    0x0000ca7b     0x1bf5 build/mpu6050_platform.o
 .debug_info    0x0000e670     0x12cd build/nrf24_hal.o
 .debug_info    0x0000f93d     0x216a build/nrf24.o
 .debug_info    0x00011aa7     0x3bbc build/stm32f1xx_hal_i2c.o
 .debug_info    0x00015663      0x8c6 build/stm32f1xx_hal.o
 .debug_info    0x00015f29      0xb59 build/stm32f1xx_hal_rcc.o
 .debug_info    0x00016a82      0x7a8 build/stm32f1xx_hal_gpio.o
 .debug_info    0x0001722a     0x1a9a build/stm32f1xx_hal_uart.o
 .debug_info    0x00018cc4      0xee9 build/stm32f1xx_hal_cortex.o
 .debug_info    0x00019bad     0x1f43 build/stm32f1xx_hal_spi.o
 .debug_info    0x0001baf0     0x3948 build/stm32f1xx_hal_tim.o
 .debug_info    0x0001f438     0x1813 build/stm32f1xx_hal_tim_ex.o
 .debug_info    0x00020c4b     0x178a build/stm32f1xx_hal_msp.o
 .debug_info    0x000223d5     0x139a build/stm32f1xx_hw_conf.o
 .debug_info    0x0002376f     0x13a8 build/stm32f1xx_it.o
 .debug_info    0x00024b17      0x4cf build/system_stm32f1xx.o
 .debug_info    0x00024fe6       0x22 build/startup_stm32f103xb.o

.debug_abbrev   0x00000000     0x4171
 .debug_abbrev  0x00000000      0x2a6 build/main.o
 .debug_abbrev  0x000002a6      0x222 build/bsp.o
 .debug_abbrev  0x000004c8      0x2e1 build/hw_gpio.o
 .debug_abbrev  0x000007a9      0x32a build/hw_i2c.o
 .debug_abbrev  0x00000ad3      0x2a8 build/hw_spi.o
 .debug_abbrev  0x00000d7b      0x2ea build/hw_uart.o
 .debug_abbrev  0x00001065      0x2e4 build/hw_timer.o
 .debug_abbrev  0x00001349      0x303 build/mpu6050.o
 .debug_abbrev  0x0000164c      0x312 build/mpu6050_platform.o
 .debug_abbrev  0x0000195e      0x292 build/nrf24_hal.o
 .debug_abbrev  0x00001bf0      0x385 build/nrf24.o
 .debug_abbrev  0x00001f75      0x332 build/stm32f1xx_hal_i2c.o
 .debug_abbrev  0x000022a7      0x22f build/stm32f1xx_hal.o
 .debug_abbrev  0x000024d6      0x2ad build/stm32f1xx_hal_rcc.o
 .debug_abbrev  0x00002783      0x24f build/stm32f1xx_hal_gpio.o
 .debug_abbrev  0x000029d2      0x2ea build/stm32f1xx_hal_uart.o
 .debug_abbrev  0x00002cbc      0x37f build/stm32f1xx_hal_cortex.o
 .debug_abbrev  0x0000303b      0x2be build/stm32f1xx_hal_spi.o
 .debug_abbrev  0x000032f9      0x2c3 build/stm32f1xx_hal_tim.o
 .debug_abbrev  0x000035bc      0x2ab build/stm32f1xx_hal_tim_ex.o
 .debug_abbrev  0x00003867      0x2d1 build/stm32f1xx_hal_msp.o
 .debug_abbrev  0x00003b38      0x260 build/stm32f1xx_hw_conf.o
 .debug_abbrev  0x00003d98      0x274 build/stm32f1xx_it.o
 .debug_abbrev  0x0000400c      0x153 build/system_stm32f1xx.o
 .debug_abbrev  0x0000415f       0x12 build/startup_stm32f103xb.o

.debug_loc      0x00000000    0x13a1e
 .debug_loc     0x00000000       0x42 build/main.o
 .debug_loc     0x00000042       0x20 build/bsp.o
 .debug_loc     0x00000062      0x385 build/hw_gpio.o
 .debug_loc     0x000003e7      0xae4 build/hw_i2c.o
 .debug_loc     0x00000ecb      0x117 build/hw_spi.o
 .debug_loc     0x00000fe2      0x161 build/hw_uart.o
 .debug_loc     0x00001143       0xb6 build/hw_timer.o
 .debug_loc     0x000011f9      0xe3b build/mpu6050.o
 .debug_loc     0x00002034      0xc0e build/mpu6050_platform.o
 .debug_loc     0x00002c42       0x7d build/nrf24_hal.o
 .debug_loc     0x00002cbf      0xd38 build/nrf24.o
 .debug_loc     0x000039f7     0x492c build/stm32f1xx_hal_i2c.o
 .debug_loc     0x00008323      0x1bb build/stm32f1xx_hal.o
 .debug_loc     0x000084de      0x7c0 build/stm32f1xx_hal_rcc.o
 .debug_loc     0x00008c9e      0x50e build/stm32f1xx_hal_gpio.o
 .debug_loc     0x000091ac     0x1d1b build/stm32f1xx_hal_uart.o
 .debug_loc     0x0000aec7      0x7af build/stm32f1xx_hal_cortex.o
 .debug_loc     0x0000b676     0x2388 build/stm32f1xx_hal_spi.o
 .debug_loc     0x0000d9fe     0x4619 build/stm32f1xx_hal_tim.o
 .debug_loc     0x00012017     0x15ad build/stm32f1xx_hal_tim_ex.o
 .debug_loc     0x000135c4      0x1d5 build/stm32f1xx_hal_msp.o
 .debug_loc     0x00013799       0x86 build/stm32f1xx_hw_conf.o
 .debug_loc     0x0001381f      0x100 build/stm32f1xx_it.o
 .debug_loc     0x0001391f       0xff build/system_stm32f1xx.o

.debug_aranges  0x00000000     0x1380
 .debug_aranges
                0x00000000       0x20 build/main.o
 .debug_aranges
                0x00000020       0x20 build/bsp.o
 .debug_aranges
                0x00000040       0x48 build/hw_gpio.o
 .debug_aranges
                0x00000088       0x98 build/hw_i2c.o
 .debug_aranges
                0x00000120       0x40 build/hw_spi.o
 .debug_aranges
                0x00000160       0x48 build/hw_uart.o
 .debug_aranges
                0x000001a8       0x38 build/hw_timer.o
 .debug_aranges
                0x000001e0      0x110 build/mpu6050.o
 .debug_aranges
                0x000002f0       0x78 build/mpu6050_platform.o
 .debug_aranges
                0x00000368       0x28 build/nrf24_hal.o
 .debug_aranges
                0x00000390      0x118 build/nrf24.o
 .debug_aranges
                0x000004a8      0x290 build/stm32f1xx_hal_i2c.o
 .debug_aranges
                0x00000738       0xe0 build/stm32f1xx_hal.o
 .debug_aranges
                0x00000818       0x90 build/stm32f1xx_hal_rcc.o
 .debug_aranges
                0x000008a8       0x58 build/stm32f1xx_hal_gpio.o
 .debug_aranges
                0x00000900      0x1d0 build/stm32f1xx_hal_uart.o
 .debug_aranges
                0x00000ad0       0x90 build/stm32f1xx_hal_cortex.o
 .debug_aranges
                0x00000b60      0x1d0 build/stm32f1xx_hal_spi.o
 .debug_aranges
                0x00000d30      0x3a8 build/stm32f1xx_hal_tim.o
 .debug_aranges
                0x000010d8      0x150 build/stm32f1xx_hal_tim_ex.o
 .debug_aranges
                0x00001228       0x40 build/stm32f1xx_hal_msp.o
 .debug_aranges
                0x00001268       0x30 build/stm32f1xx_hw_conf.o
 .debug_aranges
                0x00001298       0x98 build/stm32f1xx_it.o
 .debug_aranges
                0x00001330       0x28 build/system_stm32f1xx.o
 .debug_aranges
                0x00001358       0x28 build/startup_stm32f103xb.o

.debug_ranges   0x00000000     0x1290
 .debug_ranges  0x00000000       0x10 build/main.o
 .debug_ranges  0x00000010       0x10 build/bsp.o
 .debug_ranges  0x00000020       0x38 build/hw_gpio.o
 .debug_ranges  0x00000058       0x88 build/hw_i2c.o
 .debug_ranges  0x000000e0       0x30 build/hw_spi.o
 .debug_ranges  0x00000110       0x38 build/hw_uart.o
 .debug_ranges  0x00000148       0x28 build/hw_timer.o
 .debug_ranges  0x00000170      0x100 build/mpu6050.o
 .debug_ranges  0x00000270       0x68 build/mpu6050_platform.o
 .debug_ranges  0x000002d8       0x18 build/nrf24_hal.o
 .debug_ranges  0x000002f0      0x108 build/nrf24.o
 .debug_ranges  0x000003f8      0x298 build/stm32f1xx_hal_i2c.o
 .debug_ranges  0x00000690       0xd0 build/stm32f1xx_hal.o
 .debug_ranges  0x00000760       0xa0 build/stm32f1xx_hal_rcc.o
 .debug_ranges  0x00000800       0x48 build/stm32f1xx_hal_gpio.o
 .debug_ranges  0x00000848      0x1c0 build/stm32f1xx_hal_uart.o
 .debug_ranges  0x00000a08       0xe0 build/stm32f1xx_hal_cortex.o
 .debug_ranges  0x00000ae8      0x1c0 build/stm32f1xx_hal_spi.o
 .debug_ranges  0x00000ca8      0x398 build/stm32f1xx_hal_tim.o
 .debug_ranges  0x00001040      0x140 build/stm32f1xx_hal_tim_ex.o
 .debug_ranges  0x00001180       0x30 build/stm32f1xx_hal_msp.o
 .debug_ranges  0x000011b0       0x20 build/stm32f1xx_hw_conf.o
 .debug_ranges  0x000011d0       0x88 build/stm32f1xx_it.o
 .debug_ranges  0x00001258       0x18 build/system_stm32f1xx.o
 .debug_ranges  0x00001270       0x20 build/startup_stm32f103xb.o

.debug_line     0x00000000    0x13777
 .debug_line    0x00000000      0x382 build/main.o
 .debug_line    0x00000382      0x289 build/bsp.o
 .debug_line    0x0000060b      0x461 build/hw_gpio.o
 .debug_line    0x00000a6c      0x659 build/hw_i2c.o
 .debug_line    0x000010c5      0x3b9 build/hw_spi.o
 .debug_line    0x0000147e      0x3e6 build/hw_uart.o
 .debug_line    0x00001864      0x49c build/hw_timer.o
 .debug_line    0x00001d00      0x8da build/mpu6050.o
 .debug_line    0x000025da      0x55e build/mpu6050_platform.o
 .debug_line    0x00002b38      0x2e3 build/nrf24_hal.o
 .debug_line    0x00002e1b      0x963 build/nrf24.o
 .debug_line    0x0000377e     0x4efa build/stm32f1xx_hal_i2c.o
 .debug_line    0x00008678      0x4c6 build/stm32f1xx_hal.o
 .debug_line    0x00008b3e      0xbe7 build/stm32f1xx_hal_rcc.o
 .debug_line    0x00009725      0x5cd build/stm32f1xx_hal_gpio.o
 .debug_line    0x00009cf2     0x1b89 build/stm32f1xx_hal_uart.o
 .debug_line    0x0000b87b      0x620 build/stm32f1xx_hal_cortex.o
 .debug_line    0x0000be9b     0x236f build/stm32f1xx_hal_spi.o
 .debug_line    0x0000e20a     0x360d build/stm32f1xx_hal_tim.o
 .debug_line    0x00011817     0x117b build/stm32f1xx_hal_tim_ex.o
 .debug_line    0x00012992      0x362 build/stm32f1xx_hal_msp.o
 .debug_line    0x00012cf4      0x391 build/stm32f1xx_hw_conf.o
 .debug_line    0x00013085      0x40b build/stm32f1xx_it.o
 .debug_line    0x00013490      0x275 build/system_stm32f1xx.o
 .debug_line    0x00013705       0x72 build/startup_stm32f103xb.o

.debug_str      0x00000000     0x5523
 .debug_str     0x00000000      0xeb2 build/main.o
                                0xfc2 (size before relaxing)
 .debug_str     0x00000eb2       0x2b build/bsp.o
                                0xc20 (size before relaxing)
 .debug_str     0x00000edd      0x3e5 build/hw_gpio.o
                                0xfe4 (size before relaxing)
 .debug_str     0x000012c2      0x22b build/hw_i2c.o
                                0xe09 (size before relaxing)
 .debug_str     0x000014ed      0x247 build/hw_spi.o
                                0xe6a (size before relaxing)
 .debug_str     0x00001734      0x200 build/hw_uart.o
                                0xe78 (size before relaxing)
 .debug_str     0x00001934      0x476 build/hw_timer.o
                               0x10b6 (size before relaxing)
 .debug_str     0x00001daa      0x47e build/mpu6050.o
                               0x10a0 (size before relaxing)
 .debug_str     0x00002228       0x95 build/mpu6050_platform.o
                                0xe85 (size before relaxing)
 .debug_str     0x000022bd       0x42 build/nrf24_hal.o
                                0xbd7 (size before relaxing)
 .debug_str     0x000022ff      0x245 build/nrf24.o
                                0xf34 (size before relaxing)
 .debug_str     0x00002544      0x8a7 build/stm32f1xx_hal_i2c.o
                               0x1043 (size before relaxing)
 .debug_str     0x00002deb      0x26a build/stm32f1xx_hal.o
                                0x86d (size before relaxing)
 .debug_str     0x00003055      0x307 build/stm32f1xx_hal_rcc.o
                                0x6c2 (size before relaxing)
 .debug_str     0x0000335c       0xff build/stm32f1xx_hal_gpio.o
                                0x4e0 (size before relaxing)
 .debug_str     0x0000345b      0x52d build/stm32f1xx_hal_uart.o
                                0xc59 (size before relaxing)
 .debug_str     0x00003988      0x39b build/stm32f1xx_hal_cortex.o
                                0x98f (size before relaxing)
 .debug_str     0x00003d23      0x4e6 build/stm32f1xx_hal_spi.o
                                0xc04 (size before relaxing)
 .debug_str     0x00004209      0xd0c build/stm32f1xx_hal_tim.o
                               0x1511 (size before relaxing)
 .debug_str     0x00004f15      0x423 build/stm32f1xx_hal_tim_ex.o
                                0xd29 (size before relaxing)
 .debug_str     0x00005338       0x1d build/stm32f1xx_hal_msp.o
                               0x1100 (size before relaxing)
 .debug_str     0x00005355       0x36 build/stm32f1xx_hw_conf.o
                                0xd34 (size before relaxing)
 .debug_str     0x0000538b      0x125 build/stm32f1xx_it.o
                                0xc79 (size before relaxing)
 .debug_str     0x000054b0       0x4f build/system_stm32f1xx.o
                                0x354 (size before relaxing)
 .debug_str     0x000054ff       0x24 build/startup_stm32f103xb.o
                                 0x5a (size before relaxing)

.comment        0x00000000       0x79
 .comment       0x00000000       0x79 build/main.o
                                 0x7a (size before relaxing)
 .comment       0x00000079       0x7a build/bsp.o
 .comment       0x00000079       0x7a build/hw_gpio.o
 .comment       0x00000079       0x7a build/hw_i2c.o
 .comment       0x00000079       0x7a build/hw_spi.o
 .comment       0x00000079       0x7a build/hw_uart.o
 .comment       0x00000079       0x7a build/hw_timer.o
 .comment       0x00000079       0x7a build/mpu6050.o
 .comment       0x00000079       0x7a build/mpu6050_platform.o
 .comment       0x00000079       0x7a build/nrf24_hal.o
 .comment       0x00000079       0x7a build/nrf24.o
 .comment       0x00000079       0x7a build/stm32f1xx_hal_i2c.o
 .comment       0x00000079       0x7a build/stm32f1xx_hal.o
 .comment       0x00000079       0x7a build/stm32f1xx_hal_rcc.o
 .comment       0x00000079       0x7a build/stm32f1xx_hal_gpio.o
 .comment       0x00000079       0x7a build/stm32f1xx_hal_uart.o
 .comment       0x00000079       0x7a build/stm32f1xx_hal_cortex.o
 .comment       0x00000079       0x7a build/stm32f1xx_hal_spi.o
 .comment       0x00000079       0x7a build/stm32f1xx_hal_tim.o
 .comment       0x00000079       0x7a build/stm32f1xx_hal_tim_ex.o
 .comment       0x00000079       0x7a build/stm32f1xx_hal_msp.o
 .comment       0x00000079       0x7a build/stm32f1xx_hw_conf.o
 .comment       0x00000079       0x7a build/stm32f1xx_it.o
 .comment       0x00000079       0x7a build/system_stm32f1xx.o

.debug_frame    0x00000000     0x4110
 .debug_frame   0x00000000       0x34 build/main.o
 .debug_frame   0x00000034       0x2c build/bsp.o
 .debug_frame   0x00000060       0xb8 build/hw_gpio.o
 .debug_frame   0x00000118      0x228 build/hw_i2c.o
 .debug_frame   0x00000340       0xa8 build/hw_spi.o
 .debug_frame   0x000003e8       0xdc build/hw_uart.o
 .debug_frame   0x000004c4       0x80 build/hw_timer.o
 .debug_frame   0x00000544      0x380 build/mpu6050.o
 .debug_frame   0x000008c4      0x17c build/mpu6050_platform.o
 .debug_frame   0x00000a40       0x54 build/nrf24_hal.o
 .debug_frame   0x00000a94      0x3c0 build/nrf24.o
 .debug_frame   0x00000e54      0xa60 build/stm32f1xx_hal_i2c.o
 .debug_frame   0x000018b4      0x1e0 build/stm32f1xx_hal.o
 .debug_frame   0x00001a94      0x1c0 build/stm32f1xx_hal_rcc.o
 .debug_frame   0x00001c54      0x104 build/stm32f1xx_hal_gpio.o
 .debug_frame   0x00001d58      0x574 build/stm32f1xx_hal_uart.o
 .debug_frame   0x000022cc      0x13c build/stm32f1xx_hal_cortex.o
 .debug_frame   0x00002408      0x62c build/stm32f1xx_hal_spi.o
 .debug_frame   0x00002a34      0xbe8 build/stm32f1xx_hal_tim.o
 .debug_frame   0x0000361c      0x430 build/stm32f1xx_hal_tim_ex.o
 .debug_frame   0x00003a4c       0x80 build/stm32f1xx_hal_msp.o
 .debug_frame   0x00003acc       0x68 build/stm32f1xx_hw_conf.o
 .debug_frame   0x00003b34      0x170 build/stm32f1xx_it.o
 .debug_frame   0x00003ca4       0x30 build/system_stm32f1xx.o
 .debug_frame   0x00003cd4       0x2c c:/vsarm/armcc/bin/../lib/gcc/arm-none-eabi/9.2.1/../../../../arm-none-eabi/lib/thumb/v7-m/nofp\libc_nano.a(lib_a-init.o)
 .debug_frame   0x00003d00       0x28 c:/vsarm/armcc/bin/../lib/gcc/arm-none-eabi/9.2.1/../../../../arm-none-eabi/lib/thumb/v7-m/nofp\libc_nano.a(lib_a-memcpy-stub.o)
 .debug_frame   0x00003d28       0x20 c:/vsarm/armcc/bin/../lib/gcc/arm-none-eabi/9.2.1/../../../../arm-none-eabi/lib/thumb/v7-m/nofp\libc_nano.a(lib_a-memset.o)
 .debug_frame   0x00003d48       0x3c c:/vsarm/armcc/bin/../lib/gcc/arm-none-eabi/9.2.1/../../../../arm-none-eabi/lib/thumb/v7-m/nofp\libc_nano.a(lib_a-vsprintf.o)
 .debug_frame   0x00003d84       0x90 c:/vsarm/armcc/bin/../lib/gcc/arm-none-eabi/9.2.1/../../../../arm-none-eabi/lib/thumb/v7-m/nofp\libc_nano.a(lib_a-nano-svfprintf.o)
 .debug_frame   0x00003e14       0x60 c:/vsarm/armcc/bin/../lib/gcc/arm-none-eabi/9.2.1/../../../../arm-none-eabi/lib/thumb/v7-m/nofp\libc_nano.a(lib_a-nano-vfprintf_i.o)
 .debug_frame   0x00003e74       0x28 c:/vsarm/armcc/bin/../lib/gcc/arm-none-eabi/9.2.1/../../../../arm-none-eabi/lib/thumb/v7-m/nofp\libc_nano.a(lib_a-memchr-stub.o)
 .debug_frame   0x00003e9c       0x28 c:/vsarm/armcc/bin/../lib/gcc/arm-none-eabi/9.2.1/../../../../arm-none-eabi/lib/thumb/v7-m/nofp\libc_nano.a(lib_a-memmove.o)
 .debug_frame   0x00003ec4       0x38 c:/vsarm/armcc/bin/../lib/gcc/arm-none-eabi/9.2.1/../../../../arm-none-eabi/lib/thumb/v7-m/nofp\libc_nano.a(lib_a-nano-freer.o)
 .debug_frame   0x00003efc       0x30 c:/vsarm/armcc/bin/../lib/gcc/arm-none-eabi/9.2.1/../../../../arm-none-eabi/lib/thumb/v7-m/nofp\libc_nano.a(lib_a-nano-mallocr.o)
 .debug_frame   0x00003f2c       0x3c c:/vsarm/armcc/bin/../lib/gcc/arm-none-eabi/9.2.1/../../../../arm-none-eabi/lib/thumb/v7-m/nofp\libc_nano.a(lib_a-nano-reallocr.o)
 .debug_frame   0x00003f68       0x2c c:/vsarm/armcc/bin/../lib/gcc/arm-none-eabi/9.2.1/../../../../arm-none-eabi/lib/thumb/v7-m/nofp\libc_nano.a(lib_a-sbrkr.o)
 .debug_frame   0x00003f94       0x30 c:/vsarm/armcc/bin/../lib/gcc/arm-none-eabi/9.2.1/../../../../arm-none-eabi/lib/thumb/v7-m/nofp\libc_nano.a(lib_a-mlock.o)
 .debug_frame   0x00003fc4       0x20 c:/vsarm/armcc/bin/../lib/gcc/arm-none-eabi/9.2.1/../../../../arm-none-eabi/lib/thumb/v7-m/nofp\libc_nano.a(lib_a-nano-msizer.o)
 .debug_frame   0x00003fe4       0x5c c:/vsarm/armcc/bin/../lib/gcc/arm-none-eabi/9.2.1/../../../../arm-none-eabi/lib/thumb/v7-m/nofp\libc_nano.a(lib_a-reent.o)
 .debug_frame   0x00004040       0xb0 c:/vsarm/armcc/bin/../lib/gcc/arm-none-eabi/9.2.1/../../../../arm-none-eabi/lib/thumb/v7-m/nofp\libc_nano.a(lib_a-lock.o)
 .debug_frame   0x000040f0       0x20 c:/vsarm/armcc/bin/../lib/gcc/arm-none-eabi/9.2.1/../../../../arm-none-eabi/lib/thumb/v7-m/nofp\libnosys.a(sbrk.o)

Cross Reference Table

Symbol                                            File
ADC1_2_IRQHandler                                 build/startup_stm32f103xb.o
AHBPrescTable                                     build/system_stm32f1xx.o
                                                  build/stm32f1xx_hal_rcc.o
APBPrescTable                                     build/system_stm32f1xx.o
                                                  build/stm32f1xx_hal_rcc.o
BSP_sensor_Init                                   build/bsp.o
                                                  build/stm32f1xx_hw_conf.o
BusFault_Handler                                  build/stm32f1xx_it.o
CAN1_RX1_IRQHandler                               build/startup_stm32f103xb.o
CAN1_SCE_IRQHandler                               build/startup_stm32f103xb.o
DMA1_Channel1_IRQHandler                          build/startup_stm32f103xb.o
DMA1_Channel2_IRQHandler                          build/startup_stm32f103xb.o
DMA1_Channel3_IRQHandler                          build/startup_stm32f103xb.o
DMA1_Channel4_IRQHandler                          build/startup_stm32f103xb.o
DMA1_Channel5_IRQHandler                          build/startup_stm32f103xb.o
DMA1_Channel6_IRQHandler                          build/startup_stm32f103xb.o
DMA1_Channel7_IRQHandler                          build/startup_stm32f103xb.o
DebugMon_Handler                                  build/stm32f1xx_it.o
Default_Handler                                   build/startup_stm32f103xb.o
EXTI0_IRQHandler                                  build/stm32f1xx_it.o
EXTI15_10_IRQHandler                              build/stm32f1xx_it.o
EXTI1_IRQHandler                                  build/stm32f1xx_it.o
EXTI2_IRQHandler                                  build/stm32f1xx_it.o
EXTI3_IRQHandler                                  build/stm32f1xx_it.o
EXTI4_IRQHandler                                  build/stm32f1xx_it.o
EXTI9_5_IRQHandler                                build/stm32f1xx_it.o
Error_Handler                                     build/stm32f1xx_hal_msp.o
                                                  build/stm32f1xx_hw_conf.o
                                                  build/hw_timer.o
                                                  build/hw_uart.o
                                                  build/hw_spi.o
                                                  build/hw_i2c.o
FLASH_IRQHandler                                  build/startup_stm32f103xb.o
FLASH_PageErase                                   build/stm32f1xx_hal_flash_ex.o
                                                  build/stm32f1xx_hal_flash.o
FLASH_WaitForLastOperation                        build/stm32f1xx_hal_flash.o
                                                  build/stm32f1xx_hal_flash_ex.o
HAL_DBGMCU_DisableDBGSleepMode                    build/stm32f1xx_hal.o
HAL_DBGMCU_DisableDBGStandbyMode                  build/stm32f1xx_hal.o
HAL_DBGMCU_DisableDBGStopMode                     build/stm32f1xx_hal.o
HAL_DBGMCU_EnableDBGSleepMode                     build/stm32f1xx_hal.o
HAL_DBGMCU_EnableDBGStandbyMode                   build/stm32f1xx_hal.o
HAL_DBGMCU_EnableDBGStopMode                      build/stm32f1xx_hal.o
HAL_DMA_Abort                                     build/stm32f1xx_hal_dma.o
                                                  build/stm32f1xx_hal_spi.o
                                                  build/stm32f1xx_hal_uart.o
HAL_DMA_Abort_IT                                  build/stm32f1xx_hal_dma.o
                                                  build/stm32f1xx_hal_tim_ex.o
                                                  build/stm32f1xx_hal_tim.o
                                                  build/stm32f1xx_hal_spi.o
                                                  build/stm32f1xx_hal_uart.o
                                                  build/stm32f1xx_hal_i2c.o
HAL_DMA_DeInit                                    build/stm32f1xx_hal_dma.o
HAL_DMA_GetError                                  build/stm32f1xx_hal_dma.o
                                                  build/stm32f1xx_hal_uart.o
HAL_DMA_GetState                                  build/stm32f1xx_hal_dma.o
                                                  build/stm32f1xx_hal_i2c.o
HAL_DMA_IRQHandler                                build/stm32f1xx_hal_dma.o
HAL_DMA_Init                                      build/stm32f1xx_hal_dma.o
HAL_DMA_PollForTransfer                           build/stm32f1xx_hal_dma.o
HAL_DMA_RegisterCallback                          build/stm32f1xx_hal_dma.o
HAL_DMA_Start                                     build/stm32f1xx_hal_dma.o
HAL_DMA_Start_IT                                  build/stm32f1xx_hal_dma.o
                                                  build/stm32f1xx_hal_tim_ex.o
                                                  build/stm32f1xx_hal_tim.o
                                                  build/stm32f1xx_hal_spi.o
                                                  build/stm32f1xx_hal_uart.o
                                                  build/stm32f1xx_hal_i2c.o
HAL_DMA_UnRegisterCallback                        build/stm32f1xx_hal_dma.o
HAL_DeInit                                        build/stm32f1xx_hal.o
HAL_Delay                                         build/stm32f1xx_hal.o
                                                  build/mpu6050_platform.o
HAL_EXTI_ClearConfigLine                          build/stm32f1xx_hal_exti.o
HAL_EXTI_ClearPending                             build/stm32f1xx_hal_exti.o
HAL_EXTI_GenerateSWI                              build/stm32f1xx_hal_exti.o
HAL_EXTI_GetConfigLine                            build/stm32f1xx_hal_exti.o
HAL_EXTI_GetHandle                                build/stm32f1xx_hal_exti.o
HAL_EXTI_GetPending                               build/stm32f1xx_hal_exti.o
HAL_EXTI_IRQHandler                               build/stm32f1xx_hal_exti.o
HAL_EXTI_RegisterCallback                         build/stm32f1xx_hal_exti.o
HAL_EXTI_SetConfigLine                            build/stm32f1xx_hal_exti.o
HAL_FLASHEx_Erase                                 build/stm32f1xx_hal_flash_ex.o
HAL_FLASHEx_Erase_IT                              build/stm32f1xx_hal_flash_ex.o
HAL_FLASHEx_OBErase                               build/stm32f1xx_hal_flash_ex.o
HAL_FLASHEx_OBGetConfig                           build/stm32f1xx_hal_flash_ex.o
HAL_FLASHEx_OBGetUserData                         build/stm32f1xx_hal_flash_ex.o
HAL_FLASHEx_OBProgram                             build/stm32f1xx_hal_flash_ex.o
HAL_FLASH_EndOfOperationCallback                  build/stm32f1xx_hal_flash.o
HAL_FLASH_GetError                                build/stm32f1xx_hal_flash.o
HAL_FLASH_IRQHandler                              build/stm32f1xx_hal_flash.o
HAL_FLASH_Lock                                    build/stm32f1xx_hal_flash.o
HAL_FLASH_OB_Launch                               build/stm32f1xx_hal_flash.o
HAL_FLASH_OB_Lock                                 build/stm32f1xx_hal_flash.o
HAL_FLASH_OB_Unlock                               build/stm32f1xx_hal_flash.o
HAL_FLASH_OperationErrorCallback                  build/stm32f1xx_hal_flash.o
HAL_FLASH_Program                                 build/stm32f1xx_hal_flash.o
HAL_FLASH_Program_IT                              build/stm32f1xx_hal_flash.o
HAL_FLASH_Unlock                                  build/stm32f1xx_hal_flash.o
HAL_GPIOEx_ConfigEventout                         build/stm32f1xx_hal_gpio_ex.o
HAL_GPIOEx_DisableEventout                        build/stm32f1xx_hal_gpio_ex.o
HAL_GPIOEx_EnableEventout                         build/stm32f1xx_hal_gpio_ex.o
HAL_GPIO_DeInit                                   build/stm32f1xx_hal_gpio.o
                                                  build/hw_uart.o
                                                  build/hw_spi.o
                                                  build/hw_i2c.o
HAL_GPIO_EXTI_Callback                            build/stm32f1xx_hal_msp.o
                                                  build/stm32f1xx_hal_gpio.o
HAL_GPIO_EXTI_IRQHandler                          build/stm32f1xx_hal_gpio.o
                                                  build/stm32f1xx_it.o
HAL_GPIO_Init                                     build/stm32f1xx_hal_gpio.o
                                                  build/stm32f1xx_hal_rcc.o
                                                  build/hw_timer.o
                                                  build/hw_uart.o
                                                  build/hw_spi.o
                                                  build/hw_i2c.o
                                                  build/hw_gpio.o
                                                  build/main.o
HAL_GPIO_LockPin                                  build/stm32f1xx_hal_gpio.o
HAL_GPIO_ReadPin                                  build/stm32f1xx_hal_gpio.o
                                                  build/hw_gpio.o
HAL_GPIO_TogglePin                                build/stm32f1xx_hal_gpio.o
                                                  build/main.o
HAL_GPIO_WritePin                                 build/stm32f1xx_hal_gpio.o
                                                  build/hw_gpio.o
                                                  build/main.o
HAL_GetDEVID                                      build/stm32f1xx_hal.o
HAL_GetHalVersion                                 build/stm32f1xx_hal.o
HAL_GetREVID                                      build/stm32f1xx_hal.o
HAL_GetTick                                       build/stm32f1xx_hal.o
                                                  build/stm32f1xx_hal_spi.o
                                                  build/stm32f1xx_hal_flash.o
                                                  build/stm32f1xx_hal_uart.o
                                                  build/stm32f1xx_hal_dma.o
                                                  build/stm32f1xx_hal_rcc_ex.o
                                                  build/stm32f1xx_hal_rcc.o
                                                  build/stm32f1xx_hal_i2c.o
HAL_GetTickFreq                                   build/stm32f1xx_hal.o
HAL_GetTickPrio                                   build/stm32f1xx_hal.o
HAL_GetUIDw0                                      build/stm32f1xx_hal.o
HAL_GetUIDw1                                      build/stm32f1xx_hal.o
HAL_GetUIDw2                                      build/stm32f1xx_hal.o
HAL_HalfDuplex_EnableReceiver                     build/stm32f1xx_hal_uart.o
HAL_HalfDuplex_EnableTransmitter                  build/stm32f1xx_hal_uart.o
HAL_HalfDuplex_Init                               build/stm32f1xx_hal_uart.o
HAL_I2C_AbortCpltCallback                         build/stm32f1xx_hal_i2c.o
HAL_I2C_AddrCallback                              build/stm32f1xx_hal_i2c.o
HAL_I2C_DeInit                                    build/stm32f1xx_hal_i2c.o
HAL_I2C_DisableListen_IT                          build/stm32f1xx_hal_i2c.o
HAL_I2C_ER_IRQHandler                             build/stm32f1xx_hal_i2c.o
HAL_I2C_EV_IRQHandler                             build/stm32f1xx_hal_i2c.o
HAL_I2C_EnableListen_IT                           build/stm32f1xx_hal_i2c.o
HAL_I2C_ErrorCallback                             build/stm32f1xx_hal_i2c.o
HAL_I2C_GetError                                  build/stm32f1xx_hal_i2c.o
HAL_I2C_GetMode                                   build/stm32f1xx_hal_i2c.o
HAL_I2C_GetState                                  build/stm32f1xx_hal_i2c.o
HAL_I2C_Init                                      build/stm32f1xx_hal_i2c.o
                                                  build/hw_i2c.o
HAL_I2C_IsDeviceReady                             build/stm32f1xx_hal_i2c.o
                                                  build/hw_i2c.o
HAL_I2C_ListenCpltCallback                        build/stm32f1xx_hal_i2c.o
HAL_I2C_MasterRxCpltCallback                      build/stm32f1xx_hal_i2c.o
HAL_I2C_MasterTxCpltCallback                      build/stm32f1xx_hal_i2c.o
HAL_I2C_Master_Abort_IT                           build/stm32f1xx_hal_i2c.o
HAL_I2C_Master_Receive                            build/stm32f1xx_hal_i2c.o
HAL_I2C_Master_Receive_DMA                        build/stm32f1xx_hal_i2c.o
HAL_I2C_Master_Receive_IT                         build/stm32f1xx_hal_i2c.o
HAL_I2C_Master_Seq_Receive_DMA                    build/stm32f1xx_hal_i2c.o
HAL_I2C_Master_Seq_Receive_IT                     build/stm32f1xx_hal_i2c.o
HAL_I2C_Master_Seq_Transmit_DMA                   build/stm32f1xx_hal_i2c.o
HAL_I2C_Master_Seq_Transmit_IT                    build/stm32f1xx_hal_i2c.o
HAL_I2C_Master_Transmit                           build/stm32f1xx_hal_i2c.o
HAL_I2C_Master_Transmit_DMA                       build/stm32f1xx_hal_i2c.o
HAL_I2C_Master_Transmit_IT                        build/stm32f1xx_hal_i2c.o
HAL_I2C_MemRxCpltCallback                         build/stm32f1xx_hal_i2c.o
HAL_I2C_MemTxCpltCallback                         build/stm32f1xx_hal_i2c.o
HAL_I2C_Mem_Read                                  build/stm32f1xx_hal_i2c.o
                                                  build/hw_i2c.o
HAL_I2C_Mem_Read_DMA                              build/stm32f1xx_hal_i2c.o
HAL_I2C_Mem_Read_IT                               build/stm32f1xx_hal_i2c.o
HAL_I2C_Mem_Write                                 build/stm32f1xx_hal_i2c.o
                                                  build/hw_i2c.o
HAL_I2C_Mem_Write_DMA                             build/stm32f1xx_hal_i2c.o
HAL_I2C_Mem_Write_IT                              build/stm32f1xx_hal_i2c.o
HAL_I2C_MspDeInit                                 build/stm32f1xx_hal_i2c.o
HAL_I2C_MspInit                                   build/stm32f1xx_hal_i2c.o
HAL_I2C_SlaveRxCpltCallback                       build/stm32f1xx_hal_i2c.o
HAL_I2C_SlaveTxCpltCallback                       build/stm32f1xx_hal_i2c.o
HAL_I2C_Slave_Receive                             build/stm32f1xx_hal_i2c.o
HAL_I2C_Slave_Receive_DMA                         build/stm32f1xx_hal_i2c.o
HAL_I2C_Slave_Receive_IT                          build/stm32f1xx_hal_i2c.o
HAL_I2C_Slave_Seq_Receive_DMA                     build/stm32f1xx_hal_i2c.o
HAL_I2C_Slave_Seq_Receive_IT                      build/stm32f1xx_hal_i2c.o
HAL_I2C_Slave_Seq_Transmit_DMA                    build/stm32f1xx_hal_i2c.o
HAL_I2C_Slave_Seq_Transmit_IT                     build/stm32f1xx_hal_i2c.o
HAL_I2C_Slave_Transmit                            build/stm32f1xx_hal_i2c.o
HAL_I2C_Slave_Transmit_DMA                        build/stm32f1xx_hal_i2c.o
HAL_I2C_Slave_Transmit_IT                         build/stm32f1xx_hal_i2c.o
HAL_IncTick                                       build/stm32f1xx_hal.o
                                                  build/stm32f1xx_it.o
HAL_Init                                          build/stm32f1xx_hal.o
                                                  build/main.o
HAL_InitTick                                      build/stm32f1xx_hal.o
                                                  build/stm32f1xx_hal_rcc.o
HAL_LIN_Init                                      build/stm32f1xx_hal_uart.o
HAL_LIN_SendBreak                                 build/stm32f1xx_hal_uart.o
HAL_MspDeInit                                     build/stm32f1xx_hal.o
HAL_MspInit                                       build/stm32f1xx_hal_msp.o
                                                  build/stm32f1xx_hal.o
HAL_MultiProcessor_EnterMuteMode                  build/stm32f1xx_hal_uart.o
HAL_MultiProcessor_ExitMuteMode                   build/stm32f1xx_hal_uart.o
HAL_MultiProcessor_Init                           build/stm32f1xx_hal_uart.o
HAL_NVIC_ClearPendingIRQ                          build/stm32f1xx_hal_cortex.o
HAL_NVIC_DisableIRQ                               build/stm32f1xx_hal_cortex.o
HAL_NVIC_EnableIRQ                                build/stm32f1xx_hal_cortex.o
                                                  build/hw_gpio.o
HAL_NVIC_GetActive                                build/stm32f1xx_hal_cortex.o
HAL_NVIC_GetPendingIRQ                            build/stm32f1xx_hal_cortex.o
HAL_NVIC_GetPriority                              build/stm32f1xx_hal_cortex.o
HAL_NVIC_GetPriorityGrouping                      build/stm32f1xx_hal_cortex.o
HAL_NVIC_SetPendingIRQ                            build/stm32f1xx_hal_cortex.o
HAL_NVIC_SetPriority                              build/stm32f1xx_hal_cortex.o
                                                  build/stm32f1xx_hal.o
                                                  build/hw_gpio.o
HAL_NVIC_SetPriorityGrouping                      build/stm32f1xx_hal_cortex.o
                                                  build/stm32f1xx_hal.o
HAL_NVIC_SystemReset                              build/stm32f1xx_hal_cortex.o
                                                  build/stm32f1xx_hal_flash.o
HAL_PWR_ConfigPVD                                 build/stm32f1xx_hal_pwr.o
HAL_PWR_DeInit                                    build/stm32f1xx_hal_pwr.o
HAL_PWR_DisableBkUpAccess                         build/stm32f1xx_hal_pwr.o
HAL_PWR_DisablePVD                                build/stm32f1xx_hal_pwr.o
HAL_PWR_DisableSEVOnPend                          build/stm32f1xx_hal_pwr.o
HAL_PWR_DisableSleepOnExit                        build/stm32f1xx_hal_pwr.o
HAL_PWR_DisableWakeUpPin                          build/stm32f1xx_hal_pwr.o
HAL_PWR_EnableBkUpAccess                          build/stm32f1xx_hal_pwr.o
HAL_PWR_EnablePVD                                 build/stm32f1xx_hal_pwr.o
HAL_PWR_EnableSEVOnPend                           build/stm32f1xx_hal_pwr.o
HAL_PWR_EnableSleepOnExit                         build/stm32f1xx_hal_pwr.o
HAL_PWR_EnableWakeUpPin                           build/stm32f1xx_hal_pwr.o
HAL_PWR_EnterSLEEPMode                            build/stm32f1xx_hal_pwr.o
HAL_PWR_EnterSTANDBYMode                          build/stm32f1xx_hal_pwr.o
HAL_PWR_EnterSTOPMode                             build/stm32f1xx_hal_pwr.o
HAL_PWR_PVDCallback                               build/stm32f1xx_hal_pwr.o
HAL_PWR_PVD_IRQHandler                            build/stm32f1xx_hal_pwr.o
HAL_RCCEx_GetPeriphCLKConfig                      build/stm32f1xx_hal_rcc_ex.o
HAL_RCCEx_GetPeriphCLKFreq                        build/stm32f1xx_hal_rcc_ex.o
HAL_RCCEx_PeriphCLKConfig                         build/stm32f1xx_hal_rcc_ex.o
HAL_RCC_CSSCallback                               build/stm32f1xx_hal_rcc.o
HAL_RCC_ClockConfig                               build/stm32f1xx_hal_rcc.o
                                                  build/stm32f1xx_hw_conf.o
HAL_RCC_DeInit                                    build/stm32f1xx_hal_rcc.o
HAL_RCC_DisableCSS                                build/stm32f1xx_hal_rcc.o
HAL_RCC_EnableCSS                                 build/stm32f1xx_hal_rcc.o
HAL_RCC_GetClockConfig                            build/stm32f1xx_hal_rcc.o
HAL_RCC_GetHCLKFreq                               build/stm32f1xx_hal_rcc.o
HAL_RCC_GetOscConfig                              build/stm32f1xx_hal_rcc.o
HAL_RCC_GetPCLK1Freq                              build/stm32f1xx_hal_rcc.o
                                                  build/stm32f1xx_hal_uart.o
                                                  build/stm32f1xx_hal_i2c.o
HAL_RCC_GetPCLK2Freq                              build/stm32f1xx_hal_rcc.o
                                                  build/stm32f1xx_hal_uart.o
                                                  build/stm32f1xx_hal_rcc_ex.o
HAL_RCC_GetSysClockFreq                           build/stm32f1xx_hal_rcc.o
HAL_RCC_MCOConfig                                 build/stm32f1xx_hal_rcc.o
HAL_RCC_NMI_IRQHandler                            build/stm32f1xx_hal_rcc.o
HAL_RCC_OscConfig                                 build/stm32f1xx_hal_rcc.o
                                                  build/stm32f1xx_hw_conf.o
HAL_ResumeTick                                    build/stm32f1xx_hal.o
HAL_SPI_Abort                                     build/stm32f1xx_hal_spi.o
HAL_SPI_AbortCpltCallback                         build/stm32f1xx_hal_spi.o
HAL_SPI_Abort_IT                                  build/stm32f1xx_hal_spi.o
HAL_SPI_DMAPause                                  build/stm32f1xx_hal_spi.o
HAL_SPI_DMAResume                                 build/stm32f1xx_hal_spi.o
HAL_SPI_DMAStop                                   build/stm32f1xx_hal_spi.o
HAL_SPI_DeInit                                    build/stm32f1xx_hal_spi.o
                                                  build/hw_spi.o
HAL_SPI_ErrorCallback                             build/stm32f1xx_hal_spi.o
HAL_SPI_GetError                                  build/stm32f1xx_hal_spi.o
HAL_SPI_GetState                                  build/stm32f1xx_hal_spi.o
HAL_SPI_IRQHandler                                build/stm32f1xx_hal_spi.o
HAL_SPI_Init                                      build/stm32f1xx_hal_spi.o
                                                  build/hw_spi.o
HAL_SPI_MspDeInit                                 build/stm32f1xx_hal_spi.o
HAL_SPI_MspInit                                   build/stm32f1xx_hal_spi.o
HAL_SPI_Receive                                   build/stm32f1xx_hal_spi.o
HAL_SPI_Receive_DMA                               build/stm32f1xx_hal_spi.o
HAL_SPI_Receive_IT                                build/stm32f1xx_hal_spi.o
HAL_SPI_RxCpltCallback                            build/stm32f1xx_hal_spi.o
HAL_SPI_RxHalfCpltCallback                        build/stm32f1xx_hal_spi.o
HAL_SPI_Transmit                                  build/stm32f1xx_hal_spi.o
HAL_SPI_TransmitReceive                           build/stm32f1xx_hal_spi.o
                                                  build/hw_spi.o
HAL_SPI_TransmitReceive_DMA                       build/stm32f1xx_hal_spi.o
HAL_SPI_TransmitReceive_IT                        build/stm32f1xx_hal_spi.o
HAL_SPI_Transmit_DMA                              build/stm32f1xx_hal_spi.o
HAL_SPI_Transmit_IT                               build/stm32f1xx_hal_spi.o
HAL_SPI_TxCpltCallback                            build/stm32f1xx_hal_spi.o
HAL_SPI_TxHalfCpltCallback                        build/stm32f1xx_hal_spi.o
HAL_SPI_TxRxCpltCallback                          build/stm32f1xx_hal_spi.o
HAL_SPI_TxRxHalfCpltCallback                      build/stm32f1xx_hal_spi.o
HAL_SYSTICK_CLKSourceConfig                       build/stm32f1xx_hal_cortex.o
HAL_SYSTICK_Callback                              build/stm32f1xx_hal_cortex.o
HAL_SYSTICK_Config                                build/stm32f1xx_hal_cortex.o
                                                  build/stm32f1xx_hal.o
HAL_SYSTICK_IRQHandler                            build/stm32f1xx_hal_cortex.o
HAL_SetTickFreq                                   build/stm32f1xx_hal.o
HAL_SuspendTick                                   build/stm32f1xx_hal.o
HAL_TIMEx_BreakCallback                           build/stm32f1xx_hal_tim_ex.o
                                                  build/stm32f1xx_hal_tim.o
HAL_TIMEx_CommutCallback                          build/stm32f1xx_hal_tim_ex.o
                                                  build/stm32f1xx_hal_tim.o
HAL_TIMEx_CommutHalfCpltCallback                  build/stm32f1xx_hal_tim_ex.o
HAL_TIMEx_ConfigBreakDeadTime                     build/stm32f1xx_hal_tim_ex.o
                                                  build/hw_timer.o
HAL_TIMEx_ConfigCommutEvent                       build/stm32f1xx_hal_tim_ex.o
HAL_TIMEx_ConfigCommutEvent_DMA                   build/stm32f1xx_hal_tim_ex.o
HAL_TIMEx_ConfigCommutEvent_IT                    build/stm32f1xx_hal_tim_ex.o
HAL_TIMEx_HallSensor_DeInit                       build/stm32f1xx_hal_tim_ex.o
HAL_TIMEx_HallSensor_GetState                     build/stm32f1xx_hal_tim_ex.o
HAL_TIMEx_HallSensor_Init                         build/stm32f1xx_hal_tim_ex.o
HAL_TIMEx_HallSensor_MspDeInit                    build/stm32f1xx_hal_tim_ex.o
HAL_TIMEx_HallSensor_MspInit                      build/stm32f1xx_hal_tim_ex.o
HAL_TIMEx_HallSensor_Start                        build/stm32f1xx_hal_tim_ex.o
HAL_TIMEx_HallSensor_Start_DMA                    build/stm32f1xx_hal_tim_ex.o
HAL_TIMEx_HallSensor_Start_IT                     build/stm32f1xx_hal_tim_ex.o
HAL_TIMEx_HallSensor_Stop                         build/stm32f1xx_hal_tim_ex.o
HAL_TIMEx_HallSensor_Stop_DMA                     build/stm32f1xx_hal_tim_ex.o
HAL_TIMEx_HallSensor_Stop_IT                      build/stm32f1xx_hal_tim_ex.o
HAL_TIMEx_MasterConfigSynchronization             build/stm32f1xx_hal_tim_ex.o
                                                  build/hw_timer.o
HAL_TIMEx_OCN_Start                               build/stm32f1xx_hal_tim_ex.o
HAL_TIMEx_OCN_Start_DMA                           build/stm32f1xx_hal_tim_ex.o
HAL_TIMEx_OCN_Start_IT                            build/stm32f1xx_hal_tim_ex.o
HAL_TIMEx_OCN_Stop                                build/stm32f1xx_hal_tim_ex.o
HAL_TIMEx_OCN_Stop_DMA                            build/stm32f1xx_hal_tim_ex.o
HAL_TIMEx_OCN_Stop_IT                             build/stm32f1xx_hal_tim_ex.o
HAL_TIMEx_OnePulseN_Start                         build/stm32f1xx_hal_tim_ex.o
HAL_TIMEx_OnePulseN_Start_IT                      build/stm32f1xx_hal_tim_ex.o
HAL_TIMEx_OnePulseN_Stop                          build/stm32f1xx_hal_tim_ex.o
HAL_TIMEx_OnePulseN_Stop_IT                       build/stm32f1xx_hal_tim_ex.o
HAL_TIMEx_PWMN_Start                              build/stm32f1xx_hal_tim_ex.o
HAL_TIMEx_PWMN_Start_DMA                          build/stm32f1xx_hal_tim_ex.o
HAL_TIMEx_PWMN_Start_IT                           build/stm32f1xx_hal_tim_ex.o
HAL_TIMEx_PWMN_Stop                               build/stm32f1xx_hal_tim_ex.o
HAL_TIMEx_PWMN_Stop_DMA                           build/stm32f1xx_hal_tim_ex.o
HAL_TIMEx_PWMN_Stop_IT                            build/stm32f1xx_hal_tim_ex.o
HAL_TIMEx_RemapConfig                             build/stm32f1xx_hal_tim_ex.o
HAL_TIM_Base_DeInit                               build/stm32f1xx_hal_tim.o
HAL_TIM_Base_GetState                             build/stm32f1xx_hal_tim.o
HAL_TIM_Base_Init                                 build/stm32f1xx_hal_tim.o
                                                  build/hw_timer.o
HAL_TIM_Base_MspDeInit                            build/stm32f1xx_hal_tim.o
HAL_TIM_Base_MspInit                              build/stm32f1xx_hal_msp.o
                                                  build/stm32f1xx_hal_tim.o
HAL_TIM_Base_Start                                build/stm32f1xx_hal_tim.o
HAL_TIM_Base_Start_DMA                            build/stm32f1xx_hal_tim.o
HAL_TIM_Base_Start_IT                             build/stm32f1xx_hal_tim.o
HAL_TIM_Base_Stop                                 build/stm32f1xx_hal_tim.o
HAL_TIM_Base_Stop_DMA                             build/stm32f1xx_hal_tim.o
HAL_TIM_Base_Stop_IT                              build/stm32f1xx_hal_tim.o
HAL_TIM_ConfigClockSource                         build/stm32f1xx_hal_tim.o
                                                  build/hw_timer.o
HAL_TIM_ConfigOCrefClear                          build/stm32f1xx_hal_tim.o
HAL_TIM_ConfigTI1Input                            build/stm32f1xx_hal_tim.o
HAL_TIM_DMABurst_ReadStart                        build/stm32f1xx_hal_tim.o
HAL_TIM_DMABurst_ReadStop                         build/stm32f1xx_hal_tim.o
HAL_TIM_DMABurst_WriteStart                       build/stm32f1xx_hal_tim.o
HAL_TIM_DMABurst_WriteStop                        build/stm32f1xx_hal_tim.o
HAL_TIM_Encoder_DeInit                            build/stm32f1xx_hal_tim.o
HAL_TIM_Encoder_GetState                          build/stm32f1xx_hal_tim.o
HAL_TIM_Encoder_Init                              build/stm32f1xx_hal_tim.o
HAL_TIM_Encoder_MspDeInit                         build/stm32f1xx_hal_tim.o
HAL_TIM_Encoder_MspInit                           build/stm32f1xx_hal_tim.o
HAL_TIM_Encoder_Start                             build/stm32f1xx_hal_tim.o
HAL_TIM_Encoder_Start_DMA                         build/stm32f1xx_hal_tim.o
HAL_TIM_Encoder_Start_IT                          build/stm32f1xx_hal_tim.o
HAL_TIM_Encoder_Stop                              build/stm32f1xx_hal_tim.o
HAL_TIM_Encoder_Stop_DMA                          build/stm32f1xx_hal_tim.o
HAL_TIM_Encoder_Stop_IT                           build/stm32f1xx_hal_tim.o
HAL_TIM_ErrorCallback                             build/stm32f1xx_hal_tim.o
HAL_TIM_GenerateEvent                             build/stm32f1xx_hal_tim.o
HAL_TIM_IC_CaptureCallback                        build/stm32f1xx_hal_tim.o
HAL_TIM_IC_CaptureHalfCpltCallback                build/stm32f1xx_hal_tim.o
HAL_TIM_IC_ConfigChannel                          build/stm32f1xx_hal_tim.o
HAL_TIM_IC_DeInit                                 build/stm32f1xx_hal_tim.o
HAL_TIM_IC_GetState                               build/stm32f1xx_hal_tim.o
HAL_TIM_IC_Init                                   build/stm32f1xx_hal_tim.o
HAL_TIM_IC_MspDeInit                              build/stm32f1xx_hal_tim.o
HAL_TIM_IC_MspInit                                build/stm32f1xx_hal_tim.o
HAL_TIM_IC_Start                                  build/stm32f1xx_hal_tim.o
HAL_TIM_IC_Start_DMA                              build/stm32f1xx_hal_tim.o
HAL_TIM_IC_Start_IT                               build/stm32f1xx_hal_tim.o
HAL_TIM_IC_Stop                                   build/stm32f1xx_hal_tim.o
HAL_TIM_IC_Stop_DMA                               build/stm32f1xx_hal_tim.o
HAL_TIM_IC_Stop_IT                                build/stm32f1xx_hal_tim.o
HAL_TIM_IRQHandler                                build/stm32f1xx_hal_tim.o
HAL_TIM_OC_ConfigChannel                          build/stm32f1xx_hal_tim.o
HAL_TIM_OC_DeInit                                 build/stm32f1xx_hal_tim.o
HAL_TIM_OC_DelayElapsedCallback                   build/stm32f1xx_hal_tim.o
HAL_TIM_OC_GetState                               build/stm32f1xx_hal_tim.o
HAL_TIM_OC_Init                                   build/stm32f1xx_hal_tim.o
HAL_TIM_OC_MspDeInit                              build/stm32f1xx_hal_tim.o
HAL_TIM_OC_MspInit                                build/stm32f1xx_hal_tim.o
HAL_TIM_OC_Start                                  build/stm32f1xx_hal_tim.o
HAL_TIM_OC_Start_DMA                              build/stm32f1xx_hal_tim.o
HAL_TIM_OC_Start_IT                               build/stm32f1xx_hal_tim.o
HAL_TIM_OC_Stop                                   build/stm32f1xx_hal_tim.o
HAL_TIM_OC_Stop_DMA                               build/stm32f1xx_hal_tim.o
HAL_TIM_OC_Stop_IT                                build/stm32f1xx_hal_tim.o
HAL_TIM_OnePulse_ConfigChannel                    build/stm32f1xx_hal_tim.o
HAL_TIM_OnePulse_DeInit                           build/stm32f1xx_hal_tim.o
HAL_TIM_OnePulse_GetState                         build/stm32f1xx_hal_tim.o
HAL_TIM_OnePulse_Init                             build/stm32f1xx_hal_tim.o
HAL_TIM_OnePulse_MspDeInit                        build/stm32f1xx_hal_tim.o
HAL_TIM_OnePulse_MspInit                          build/stm32f1xx_hal_tim.o
HAL_TIM_OnePulse_Start                            build/stm32f1xx_hal_tim.o
HAL_TIM_OnePulse_Start_IT                         build/stm32f1xx_hal_tim.o
HAL_TIM_OnePulse_Stop                             build/stm32f1xx_hal_tim.o
HAL_TIM_OnePulse_Stop_IT                          build/stm32f1xx_hal_tim.o
HAL_TIM_PWM_ConfigChannel                         build/stm32f1xx_hal_tim.o
                                                  build/hw_timer.o
HAL_TIM_PWM_DeInit                                build/stm32f1xx_hal_tim.o
HAL_TIM_PWM_GetState                              build/stm32f1xx_hal_tim.o
HAL_TIM_PWM_Init                                  build/stm32f1xx_hal_tim.o
                                                  build/hw_timer.o
HAL_TIM_PWM_MspDeInit                             build/stm32f1xx_hal_tim.o
HAL_TIM_PWM_MspInit                               build/stm32f1xx_hal_tim.o
HAL_TIM_PWM_PulseFinishedCallback                 build/stm32f1xx_hal_tim.o
HAL_TIM_PWM_PulseFinishedHalfCpltCallback         build/stm32f1xx_hal_tim.o
HAL_TIM_PWM_Start                                 build/stm32f1xx_hal_tim.o
                                                  build/hw_timer.o
HAL_TIM_PWM_Start_DMA                             build/stm32f1xx_hal_tim.o
HAL_TIM_PWM_Start_IT                              build/stm32f1xx_hal_tim.o
HAL_TIM_PWM_Stop                                  build/stm32f1xx_hal_tim.o
HAL_TIM_PWM_Stop_DMA                              build/stm32f1xx_hal_tim.o